https://api.weather.gov/gridpoints/ALY/83,72
https://api.weather.gov/gridpoints/BOX/42,90
https://api.weather.gov/gridpoints/BOX/74,95
https://api.weather.gov/gridpoints/BOX/25,72
https://api.weather.gov/gridpoints/ALY/77,52
https://api.weather.gov/gridpoints/ALY/74,58
https://api.weather.gov/gridpoints/BOX/78,59
https://api.weather.gov/gridpoints/BOX/76,107
https://api.weather.gov/gridpoints/BOX/18,73
https://api.weather.gov/gridpoints/BOX/51,72
https://api.weather.gov/gridpoints/BOX/55,72
https://api.weather.gov/gridpoints/BOX/64,78
https://api.weather.gov/gridpoints/BTV/111,72
https://api.weather.gov/gridpoints/BOX/69,108
https://api.weather.gov/gridpoints/BOX/51,82
https://api.weather.gov/gridpoints/BOX/73,87
https://api.weather.gov/gridpoints/GYX/33,100
https://api.weather.gov/gridpoints/BOX/39,95
https://api.weather.gov/gridpoints/GYX/59,91
https://api.weather.gov/gridpoints/BOX/75,67
https://api.weather.gov/gridpoints/BOX/66,31
https://api.weather.gov/gridpoints/BOX/71,91
https://api.weather.gov/gridpoints/BOX/95,62
https://api.weather.gov/gridpoints/GYX/23,54
https://api.weather.gov/gridpoints/ALY/75,66
https://api.weather.gov/gridpoints/BTV/110,42
https://api.weather.gov/gridpoints/BOX/41,80
https://api.weather.gov/gridpoints/BOX/22,93
https://api.weather.gov/gridpoints/BOX/55,54
https://api.weather.gov/gridpoints/BTV/91,65
https://api.weather.gov/gridpoints/BOX/87,67
https://api.weather.gov/gridpoints/BOX/78,59
https://api.weather.gov/gridpoints/BOX/17,77
https://api.weather.gov/gridpoints/BOX/45,79
https://api.weather.gov/gridpoints/BOX/35,75
https://api.weather.gov/gridpoints/BOX/45,79
https://api.weather.gov/gridpoints/BOX/48,77
https://api.weather.gov/gridpoints/BOX/45,79
https://api.weather.gov/gridpoints/BOX/79,64
https://api.weather.gov/gridpoints/BOX/81,65
https://api.weather.gov/gridpoints/BOX/53,78
https://api.weather.gov/gridpoints/BOX/49,90
https://api.weather.gov/gridpoints/BOX/52,73
https://api.weather.gov/gridpoints/BOX/85,81
https://api.weather.gov/gridpoints/BOX/28,93
https://api.weather.gov/gridpoints/BOX/58,91
https://api.weather.gov/gridpoints/BOX/43,70
https://api.weather.gov/gridpoints/BTV/122,71
https://api.weather.gov/gridpoints/CAR/90,62
https://api.weather.gov/gridpoints/GYX/98,102
https://api.weather.gov/gridpoints/BOX/93,61
https://api.weather.gov/gridpoints/BOX/72,87
https://api.weather.gov/gridpoints/BOX/67,109
https://api.weather.gov/gridpoints/BOX/52,75
https://api.weather.gov/gridpoints/GYX/117,86
https://api.weather.gov/gridpoints/ALY/82,66
https://api.weather.gov/gridpoints/BOX/93,59
https://api.weather.gov/gridpoints/BOX/79,61
https://api.weather.gov/gridpoints/BTV/90,54
https://api.weather.gov/gridpoints/GYX/79,127
https://api.weather.gov/gridpoints/GYX/55,100
https://api.weather.gov/gridpoints/BOX/79,87
https://api.weather.gov/gridpoints/GYX/52,135
https://api.weather.gov/gridpoints/CAR/91,99
https://api.weather.gov/gridpoints/CAR/80,90
https://api.weather.gov/gridpoints/CAR/91,105
https://api.weather.gov/gridpoints/CAR/81,124
https://api.weather.gov/gridpoints/GYX/16,27
https://api.weather.gov/gridpoints/CAR/87,149
https://api.weather.gov/gridpoints/BOX/57,100
https://api.weather.gov/gridpoints/BTV/117,28
https://api.weather.gov/gridpoints/BOX/28,64
https://api.weather.gov/gridpoints/BOX/70,112
https://api.weather.gov/gridpoints/BOX/23,72
https://api.weather.gov/gridpoints/BOX/67,62
https://api.weather.gov/gridpoints/BOX/77,77
https://api.weather.gov/gridpoints/GYX/63,100
https://api.weather.gov/gridpoints/GYX/67,97
https://api.weather.gov/gridpoints/ALY/74,36
https://api.weather.gov/gridpoints/BOX/39,80
https://api.weather.gov/gridpoints/BOX/94,66
https://api.weather.gov/gridpoints/BOX/79,63
https://api.weather.gov/gridpoints/BOX/79,59
https://api.weather.gov/gridpoints/CAR/93,64
https://api.weather.gov/gridpoints/BOX/18,91
https://api.weather.gov/gridpoints/BOX/87,66
https://api.weather.gov/gridpoints/BTV/92,77
https://api.weather.gov/gridpoints/BOX/60,88
https://api.weather.gov/gridpoints/BOX/76,66
https://api.weather.gov/gridpoints/OKX/92,86
https://api.weather.gov/gridpoints/BOX/40,96
https://api.weather.gov/gridpoints/BTV/90,40
https://api.weather.gov/gridpoints/BOX/66,78
https://api.weather.gov/gridpoints/BOX/37,95
https://api.weather.gov/gridpoints/BOX/89,73
https://api.weather.gov/gridpoints/ALY/96,75
https://api.weather.gov/gridpoints/BOX/19,86
https://api.weather.gov/gridpoints/BOX/40,94
https://api.weather.gov/gridpoints/BOX/58,93
https://api.weather.gov/gridpoints/BOX/94,51
https://api.weather.gov/gridpoints/BOX/91,66
https://api.weather.gov/gridpoints/BOX/16,71
https://api.weather.gov/gridpoints/BOX/23,72
https://api.weather.gov/gridpoints/BOX/21,72
https://api.weather.gov/gridpoints/BOX/42,74
https://api.weather.gov/gridpoints/BOX/74,62
https://api.weather.gov/gridpoints/BTV/102,18
https://api.weather.gov/gridpoints/BOX/65,62
https://api.weather.gov/gridpoints/BTV/89,49
https://api.weather.gov/gridpoints/BOX/84,84
https://api.weather.gov/gridpoints/BOX/83,59
https://api.weather.gov/gridpoints/BOX/36,91
https://api.weather.gov/gridpoints/BTV/119,73
https://api.weather.gov/gridpoints/BOX/65,100
https://api.weather.gov/gridpoints/BOX/60,79
https://api.weather.gov/gridpoints/BOX/52,80
https://api.weather.gov/gridpoints/BTV/117,4
https://api.weather.gov/gridpoints/BOX/36,86
https://api.weather.gov/gridpoints/BOX/36,84
https://api.weather.gov/gridpoints/BOX/8,77
https://api.weather.gov/gridpoints/BOX/61,92
https://api.weather.gov/gridpoints/BOX/31,94
https://api.weather.gov/gridpoints/BOX/40,88
https://api.weather.gov/gridpoints/BOX/89,73
https://api.weather.gov/gridpoints/BOX/41,83
https://api.weather.gov/gridpoints/BOX/25,66
https://api.weather.gov/gridpoints/BOX/28,92
https://api.weather.gov/gridpoints/BOX/36,72
https://api.weather.gov/gridpoints/BOX/33,86
https://api.weather.gov/gridpoints/BOX/59,62
https://api.weather.gov/gridpoints/BOX/29,75
https://api.weather.gov/gridpoints/BOX/59,100
https://api.weather.gov/gridpoints/BOX/71,112
https://api.weather.gov/gridpoints/GYX/22,20
https://api.weather.gov/gridpoints/BOX/84,84
https://api.weather.gov/gridpoints/BOX/51,91
https://api.weather.gov/gridpoints/BOX/56,91
https://api.weather.gov/gridpoints/BOX/97,61
https://api.weather.gov/gridpoints/BOX/47,75
https://api.weather.gov/gridpoints/BOX/31,76
https://api.weather.gov/gridpoints/BOX/87,67
https://api.weather.gov/gridpoints/BOX/70,63
https://api.weather.gov/gridpoints/BOX/47,95
https://api.weather.gov/gridpoints/ALY/80,62
https://api.weather.gov/gridpoints/BOX/79,56
https://api.weather.gov/gridpoints/BOX/30,76
https://api.weather.gov/gridpoints/BOX/65,101
https://api.weather.gov/gridpoints/BOX/65,85
https://api.weather.gov/gridpoints/BOX/16,82
https://api.weather.gov/gridpoints/BOX/56,71
https://api.weather.gov/gridpoints/OKX/89,83
https://api.weather.gov/gridpoints/OKX/90,82
https://api.weather.gov/gridpoints/BOX/16,72
https://api.weather.gov/gridpoints/BOX/42,72
https://api.weather.gov/gridpoints/BTV/93,26
https://api.weather.gov/gridpoints/BOX/40,81
https://api.weather.gov/gridpoints/CAR/80,63
https://api.weather.gov/gridpoints/BTV/117,81
https://api.weather.gov/gridpoints/BOX/84,60
https://api.weather.gov/gridpoints/BOX/75,75
https://api.weather.gov/gridpoints/BOX/85,73
https://api.weather.gov/gridpoints/BOX/88,67
https://api.weather.gov/gridpoints/BOX/57,70
https://api.weather.gov/gridpoints/BOX/34,81
https://api.weather.gov/gridpoints/BOX/86,75
https://api.weather.gov/gridpoints/BOX/76,107
https://api.weather.gov/gridpoints/BOX/21,68
https://api.weather.gov/gridpoints/BOX/69,68
https://api.weather.gov/gridpoints/BOX/22,73
https://api.weather.gov/gridpoints/BOX/20,67
https://api.weather.gov/gridpoints/BOX/51,96
https://api.weather.gov/gridpoints/BOX/18,85
https://api.weather.gov/gridpoints/BOX/63,53
https://api.weather.gov/gridpoints/BOX/46,98
https://api.weather.gov/gridpoints/BTV/90,56
https://api.weather.gov/gridpoints/ALY/77,50
https://api.weather.gov/gridpoints/GYX/37,89
https://api.weather.gov/gridpoints/BOX/109,68
https://api.weather.gov/gridpoints/BOX/112,66
https://api.weather.gov/gridpoints/BOX/109,66
https://api.weather.gov/gridpoints/BOX/98,48
https://api.weather.gov/gridpoints/BOX/99,62
https://api.weather.gov/gridpoints/BOX/108,65
https://api.weather.gov/gridpoints/BOX/92,70
https://api.weather.gov/gridpoints/BOX/79,79
https://api.weather.gov/gridpoints/BOX/79,63
https://api.weather.gov/gridpoints/BOX/79,61
https://api.weather.gov/gridpoints/BOX/80,55
https://api.weather.gov/gridpoints/BOX/73,74
https://api.weather.gov/gridpoints/BOX/24,74
https://api.weather.gov/gridpoints/BOX/64,107
https://api.weather.gov/gridpoints/BOX/84,74
https://api.weather.gov/gridpoints/BOX/50,94
https://api.weather.gov/gridpoints/BOX/63,74
https://api.weather.gov/gridpoints/CAR/88,78
https://api.weather.gov/gridpoints/BOX/48,92
https://api.weather.gov/gridpoints/BOX/74,101
https://api.weather.gov/gridpoints/BOX/63,52
https://api.weather.gov/gridpoints/BOX/55,55
https://api.weather.gov/gridpoints/BOX/54,56
https://api.weather.gov/gridpoints/BOX/55,55
https://api.weather.gov/gridpoints/BOX/51,96
https://api.weather.gov/gridpoints/BOX/30,75
https://api.weather.gov/gridpoints/BOX/54,82
https://api.weather.gov/gridpoints/BOX/73,113
https://api.weather.gov/gridpoints/BOX/52,79
https://api.weather.gov/gridpoints/BOX/63,99
https://api.weather.gov/gridpoints/BTV/89,71
https://api.weather.gov/gridpoints/BOX/64,109
https://api.weather.gov/gridpoints/BOX/31,72
https://api.weather.gov/gridpoints/BOX/81,59
https://api.weather.gov/gridpoints/BOX/38,98
https://api.weather.gov/gridpoints/BOX/38,89
https://api.weather.gov/gridpoints/BTV/103,14
https://api.weather.gov/gridpoints/BTV/90,54
https://api.weather.gov/gridpoints/BOX/22,81
https://api.weather.gov/gridpoints/BOX/46,96
https://api.weather.gov/gridpoints/OKX/87,75
https://api.weather.gov/gridpoints/BOX/77,57
https://api.weather.gov/gridpoints/ALY/74,42
https://api.weather.gov/gridpoints/ALY/75,41
https://api.weather.gov/gridpoints/BOX/28,68
https://api.weather.gov/gridpoints/BOX/63,62
https://api.weather.gov/gridpoints/BOX/51,95
https://api.weather.gov/gridpoints/BTV/103,18
https://api.weather.gov/gridpoints/BTV/87,50
https://api.weather.gov/gridpoints/BTV/90,56
https://api.weather.gov/gridpoints/BTV/95,54
https://api.weather.gov/gridpoints/BTV/91,38
https://api.weather.gov/gridpoints/OKX/90,82
https://api.weather.gov/gridpoints/OKX/93,75
https://api.weather.gov/gridpoints/OKX/90,83
https://api.weather.gov/gridpoints/BOX/35,75
https://api.weather.gov/gridpoints/BOX/38,79
https://api.weather.gov/gridpoints/BOX/32,73
https://api.weather.gov/gridpoints/BOX/75,66
https://api.weather.gov/gridpoints/BOX/48,79
https://api.weather.gov/gridpoints/BOX/94,66
https://api.weather.gov/gridpoints/GYX/87,102
https://api.weather.gov/gridpoints/BOX/37,78
https://api.weather.gov/gridpoints/BOX/27,78
https://api.weather.gov/gridpoints/ALY/84,30
https://api.weather.gov/gridpoints/BOX/73,76
https://api.weather.gov/gridpoints/BOX/78,73
https://api.weather.gov/gridpoints/BOX/59,79
https://api.weather.gov/gridpoints/BOX/66,98
https://api.weather.gov/gridpoints/BOX/74,62
https://api.weather.gov/gridpoints/BOX/49,95
https://api.weather.gov/gridpoints/BOX/61,85
https://api.weather.gov/gridpoints/BOX/70,84
https://api.weather.gov/gridpoints/BOX/93,68
https://api.weather.gov/gridpoints/BOX/19,90
https://api.weather.gov/gridpoints/BOX/63,99
https://api.weather.gov/gridpoints/BOX/24,83
https://api.weather.gov/gridpoints/BOX/64,94
https://api.weather.gov/gridpoints/BOX/42,76
https://api.weather.gov/gridpoints/BOX/42,75
https://api.weather.gov/gridpoints/BOX/66,77
https://api.weather.gov/gridpoints/BOX/63,99
https://api.weather.gov/gridpoints/BOX/61,75
https://api.weather.gov/gridpoints/BTV/82,78
https://api.weather.gov/gridpoints/BOX/83,104
https://api.weather.gov/gridpoints/BOX/74,111
https://api.weather.gov/gridpoints/BOX/16,65
https://api.weather.gov/gridpoints/BTV/120,21
https://api.weather.gov/gridpoints/BTV/91,56
https://api.weather.gov/gridpoints/BTV/113,44
https://api.weather.gov/gridpoints/BOX/52,75
https://api.weather.gov/gridpoints/ALY/74,56
https://api.weather.gov/gridpoints/BOX/33,65
https://api.weather.gov/gridpoints/BOX/20,77
https://api.weather.gov/gridpoints/BOX/16,77
https://api.weather.gov/gridpoints/BOX/22,55
https://api.weather.gov/gridpoints/BTV/103,16
https://api.weather.gov/gridpoints/BOX/22,96
https://api.weather.gov/gridpoints/BOX/54,77
https://api.weather.gov/gridpoints/BOX/54,76
https://api.weather.gov/gridpoints/BOX/44,80
https://api.weather.gov/gridpoints/BOX/81,74
https://api.weather.gov/gridpoints/BOX/10,73
https://api.weather.gov/gridpoints/BOX/17,77
https://api.weather.gov/gridpoints/BOX/54,75
https://api.weather.gov/gridpoints/BOX/16,64
https://api.weather.gov/gridpoints/BOX/36,75
https://api.weather.gov/gridpoints/BOX/37,95
https://api.weather.gov/gridpoints/CAR/93,63
https://api.weather.gov/gridpoints/BOX/60,53
https://api.weather.gov/gridpoints/BOX/54,44
https://api.weather.gov/gridpoints/ALY/74,73
https://api.weather.gov/gridpoints/BOX/72,100
https://api.weather.gov/gridpoints/BOX/37,77
https://api.weather.gov/gridpoints/OKX/97,85
https://api.weather.gov/gridpoints/BOX/42,57
https://api.weather.gov/gridpoints/ALY/77,31
https://api.weather.gov/gridpoints/BOX/48,54
https://api.weather.gov/gridpoints/BOX/44,74
https://api.weather.gov/gridpoints/OKX/60,77
https://api.weather.gov/gridpoints/BOX/61,85
https://api.weather.gov/gridpoints/BOX/52,75
https://api.weather.gov/gridpoints/BOX/23,75
https://api.weather.gov/gridpoints/BOX/27,57
https://api.weather.gov/gridpoints/BOX/20,48
https://api.weather.gov/gridpoints/BTV/137,61
https://api.weather.gov/gridpoints/OKX/70,79
https://api.weather.gov/gridpoints/BOX/72,112
https://api.weather.gov/gridpoints/BOX/36,87
https://api.weather.gov/gridpoints/BTV/89,70
https://api.weather.gov/gridpoints/BTV/114,10
https://api.weather.gov/gridpoints/OKX/88,87
https://api.weather.gov/gridpoints/BOX/86,66
https://api.weather.gov/gridpoints/BOX/27,68
https://api.weather.gov/gridpoints/BOX/18,94
https://api.weather.gov/gridpoints/ALY/81,52
https://api.weather.gov/gridpoints/ALY/82,58
https://api.weather.gov/gridpoints/BOX/17,73
https://api.weather.gov/gridpoints/BOX/23,71
https://api.weather.gov/gridpoints/BOX/27,68
https://api.weather.gov/gridpoints/OKX/69,66
https://api.weather.gov/gridpoints/BOX/17,66
https://api.weather.gov/gridpoints/BOX/21,85
https://api.weather.gov/gridpoints/BOX/20,84
https://api.weather.gov/gridpoints/BOX/22,88
https://api.weather.gov/gridpoints/BOX/23,71
https://api.weather.gov/gridpoints/BOX/26,73
https://api.weather.gov/gridpoints/BOX/60,62
https://api.weather.gov/gridpoints/BOX/59,62
https://api.weather.gov/gridpoints/BOX/60,68
https://api.weather.gov/gridpoints/BOX/30,76
https://api.weather.gov/gridpoints/BOX/21,81
https://api.weather.gov/gridpoints/BOX/76,77
https://api.weather.gov/gridpoints/BOX/41,75
https://api.weather.gov/gridpoints/BOX/45,98
https://api.weather.gov/gridpoints/BOX/45,71
https://api.weather.gov/gridpoints/BOX/14,83
https://api.weather.gov/gridpoints/BOX/32,71
https://api.weather.gov/gridpoints/BOX/42,95
https://api.weather.gov/gridpoints/ALY/77,53
https://api.weather.gov/gridpoints/ALY/78,45
https://api.weather.gov/gridpoints/BOX/87,74
https://api.weather.gov/gridpoints/BOX/57,45
https://api.weather.gov/gridpoints/BOX/70,53
https://api.weather.gov/gridpoints/BOX/66,78
https://api.weather.gov/gridpoints/ALY/89,28
https://api.weather.gov/gridpoints/BOX/48,84
https://api.weather.gov/gridpoints/BOX/87,71
https://api.weather.gov/gridpoints/GYX/79,113
https://api.weather.gov/gridpoints/BOX/57,69
https://api.weather.gov/gridpoints/BOX/51,60
https://api.weather.gov/gridpoints/BOX/25,68
https://api.weather.gov/gridpoints/BOX/42,80
https://api.weather.gov/gridpoints/BOX/64,89
https://api.weather.gov/gridpoints/BOX/75,83
https://api.weather.gov/gridpoints/BOX/57,83
https://api.weather.gov/gridpoints/BOX/24,48
https://api.weather.gov/gridpoints/BOX/66,110
https://api.weather.gov/gridpoints/BOX/96,63
https://api.weather.gov/gridpoints/BOX/93,59
https://api.weather.gov/gridpoints/BOX/71,76
https://api.weather.gov/gridpoints/BOX/22,69
https://api.weather.gov/gridpoints/BOX/72,71
https://api.weather.gov/gridpoints/BOX/56,102
https://api.weather.gov/gridpoints/BOX/23,74
https://api.weather.gov/gridpoints/BOX/22,83
https://api.weather.gov/gridpoints/BOX/59,47
https://api.weather.gov/gridpoints/BOX/57,48
https://api.weather.gov/gridpoints/BOX/59,47
https://api.weather.gov/gridpoints/BOX/34,79
https://api.weather.gov/gridpoints/BOX/51,81
https://api.weather.gov/gridpoints/BOX/73,64
https://api.weather.gov/gridpoints/BOX/52,81
https://api.weather.gov/gridpoints/BOX/56,90
https://api.weather.gov/gridpoints/BOX/83,77
https://api.weather.gov/gridpoints/BOX/76,77
https://api.weather.gov/gridpoints/BOX/47,66
https://api.weather.gov/gridpoints/BOX/48,90
https://api.weather.gov/gridpoints/BOX/66,74
https://api.weather.gov/gridpoints/BOX/72,82
https://api.weather.gov/gridpoints/BOX/47,61
https://api.weather.gov/gridpoints/ALY/76,53
https://api.weather.gov/gridpoints/ALY/74,50
https://api.weather.gov/gridpoints/ALY/73,50
https://api.weather.gov/gridpoints/ALY/74,50
https://api.weather.gov/gridpoints/BOX/51,89
https://api.weather.gov/gridpoints/ALY/86,43
https://api.weather.gov/gridpoints/BOX/59,92
https://api.weather.gov/gridpoints/BOX/24,75
https://api.weather.gov/gridpoints/OKX/65,66
https://api.weather.gov/gridpoints/BOX/61,60
https://api.weather.gov/gridpoints/BOX/84,61
https://api.weather.gov/gridpoints/BOX/88,66
https://api.weather.gov/gridpoints/BTV/93,51
https://api.weather.gov/gridpoints/BOX/48,92
https://api.weather.gov/gridpoints/BOX/71,55
https://api.weather.gov/gridpoints/BOX/91,69
https://api.weather.gov/gridpoints/BOX/84,73
https://api.weather.gov/gridpoints/BOX/85,73
https://api.weather.gov/gridpoints/BOX/79,62
https://api.weather.gov/gridpoints/BOX/45,79
https://api.weather.gov/gridpoints/ALY/82,72
https://api.weather.gov/gridpoints/BOX/58,75
https://api.weather.gov/gridpoints/BOX/85,65
https://api.weather.gov/gridpoints/BTV/122,30
https://api.weather.gov/gridpoints/BTV/102,57
https://api.weather.gov/gridpoints/BOX/90,65
https://api.weather.gov/gridpoints/BOX/71,64
https://api.weather.gov/gridpoints/BOX/40,79
https://api.weather.gov/gridpoints/BOX/73,79
https://api.weather.gov/gridpoints/BOX/40,79
https://api.weather.gov/gridpoints/BOX/42,73
https://api.weather.gov/gridpoints/BOX/30,80
https://api.weather.gov/gridpoints/BOX/45,92
https://api.weather.gov/gridpoints/BOX/52,74
https://api.weather.gov/gridpoints/BOX/41,83
https://api.weather.gov/gridpoints/BOX/17,78
https://api.weather.gov/gridpoints/BOX/32,71
https://api.weather.gov/gridpoints/BOX/42,73
https://api.weather.gov/gridpoints/BOX/40,86
https://api.weather.gov/gridpoints/BTV/90,38
https://api.weather.gov/gridpoints/BOX/52,80
https://api.weather.gov/gridpoints/BOX/46,76
https://api.weather.gov/gridpoints/BOX/52,95
https://api.weather.gov/gridpoints/BOX/23,71
https://api.weather.gov/gridpoints/BOX/60,83
https://api.weather.gov/gridpoints/BOX/60,75
https://api.weather.gov/gridpoints/BOX/21,65
https://api.weather.gov/gridpoints/BOX/43,100
https://api.weather.gov/gridpoints/BOX/89,66
https://api.weather.gov/gridpoints/BTV/92,52
https://api.weather.gov/gridpoints/BTV/92,40
https://api.weather.gov/gridpoints/BTV/95,48
https://api.weather.gov/gridpoints/ALY/98,85
https://api.weather.gov/gridpoints/BOX/34,99
https://api.weather.gov/gridpoints/ALY/73,39
https://api.weather.gov/gridpoints/BOX/64,47
https://api.weather.gov/gridpoints/BOX/55,75
https://api.weather.gov/gridpoints/BOX/19,92
https://api.weather.gov/gridpoints/BOX/62,48
https://api.weather.gov/gridpoints/BOX/67,99
https://api.weather.gov/gridpoints/BOX/57,48
https://api.weather.gov/gridpoints/BOX/56,55
https://api.weather.gov/gridpoints/ALY/74,56
https://api.weather.gov/gridpoints/BOX/8,87
https://api.weather.gov/gridpoints/BOX/6,66
https://api.weather.gov/gridpoints/ALY/82,43
https://api.weather.gov/gridpoints/BOX/24,59
https://api.weather.gov/gridpoints/BOX/26,54
https://api.weather.gov/gridpoints/BOX/79,64
https://api.weather.gov/gridpoints/BOX/36,95
https://api.weather.gov/gridpoints/OKX/78,80
https://api.weather.gov/gridpoints/BOX/55,67
https://api.weather.gov/gridpoints/BOX/16,78
https://api.weather.gov/gridpoints/BTV/103,11
https://api.weather.gov/gridpoints/BOX/57,80
https://api.weather.gov/gridpoints/BOX/83,71
https://api.weather.gov/gridpoints/BOX/63,55
https://api.weather.gov/gridpoints/BOX/52,95
https://api.weather.gov/gridpoints/BOX/17,72
https://api.weather.gov/gridpoints/BOX/75,71
https://api.weather.gov/gridpoints/BOX/74,75
https://api.weather.gov/gridpoints/BOX/55,96
https://api.weather.gov/gridpoints/BOX/37,95
https://api.weather.gov/gridpoints/BOX/54,93
https://api.weather.gov/gridpoints/BOX/12,73
https://api.weather.gov/gridpoints/BOX/54,68
https://api.weather.gov/gridpoints/BOX/44,74
https://api.weather.gov/gridpoints/BOX/56,72
https://api.weather.gov/gridpoints/BOX/42,71
https://api.weather.gov/gridpoints/BOX/41,76
https://api.weather.gov/gridpoints/BOX/42,78
https://api.weather.gov/gridpoints/BOX/42,72
https://api.weather.gov/gridpoints/BOX/51,88
https://api.weather.gov/gridpoints/OKX/66,73
https://api.weather.gov/gridpoints/BOX/43,75
https://api.weather.gov/gridpoints/BOX/45,79
https://api.weather.gov/gridpoints/BOX/42,80
https://api.weather.gov/gridpoints/BOX/33,93
https://api.weather.gov/gridpoints/BOX/45,79
https://api.weather.gov/gridpoints/BOX/72,65
https://api.weather.gov/gridpoints/BOX/41,73
https://api.weather.gov/gridpoints/BOX/37,79
https://api.weather.gov/gridpoints/BOX/42,80
https://api.weather.gov/gridpoints/BOX/42,71
https://api.weather.gov/gridpoints/BOX/37,78
https://api.weather.gov/gridpoints/BOX/41,70
https://api.weather.gov/gridpoints/BOX/56,72
https://api.weather.gov/gridpoints/BOX/26,64
https://api.weather.gov/gridpoints/BOX/30,71
https://api.weather.gov/gridpoints/GYX/60,45
https://api.weather.gov/gridpoints/BOX/57,53
https://api.weather.gov/gridpoints/BOX/79,68
https://api.weather.gov/gridpoints/BOX/25,72
https://api.weather.gov/gridpoints/BOX/80,69
https://api.weather.gov/gridpoints/BOX/63,59
https://api.weather.gov/gridpoints/BOX/30,93
https://api.weather.gov/gridpoints/BOX/40,79
https://api.weather.gov/gridpoints/BOX/54,44
https://api.weather.gov/gridpoints/CAR/61,82
https://api.weather.gov/gridpoints/GYX/87,92
https://api.weather.gov/gridpoints/GYX/89,106
https://api.weather.gov/gridpoints/GYX/64,79
https://api.weather.gov/gridpoints/BOX/7,70
https://api.weather.gov/gridpoints/BOX/71,60
https://api.weather.gov/gridpoints/BOX/22,93
https://api.weather.gov/gridpoints/BOX/18,76
https://api.weather.gov/gridpoints/BOX/59,63
https://api.weather.gov/gridpoints/BOX/50,94
https://api.weather.gov/gridpoints/BOX/40,93
https://api.weather.gov/gridpoints/BOX/21,84
https://api.weather.gov/gridpoints/BOX/45,97
https://api.weather.gov/gridpoints/BOX/51,82
https://api.weather.gov/gridpoints/GYX/92,116
https://api.weather.gov/gridpoints/BOX/61,65
https://api.weather.gov/gridpoints/BOX/71,80
https://api.weather.gov/gridpoints/BOX/61,59
https://api.weather.gov/gridpoints/BOX/83,72
https://api.weather.gov/gridpoints/BOX/55,89
https://api.weather.gov/gridpoints/BOX/60,62
https://api.weather.gov/gridpoints/BOX/77,67
https://api.weather.gov/gridpoints/BOX/63,59
https://api.weather.gov/gridpoints/BOX/60,62
https://api.weather.gov/gridpoints/BOX/84,71
https://api.weather.gov/gridpoints/BOX/59,61
https://api.weather.gov/gridpoints/BOX/24,73
https://api.weather.gov/gridpoints/BOX/32,78
https://api.weather.gov/gridpoints/BOX/40,77
https://api.weather.gov/gridpoints/BOX/69,74
https://api.weather.gov/gridpoints/BOX/58,101
https://api.weather.gov/gridpoints/BOX/50,93
https://api.weather.gov/gridpoints/BOX/65,89
https://api.weather.gov/gridpoints/BOX/39,79
https://api.weather.gov/gridpoints/BOX/42,71
https://api.weather.gov/gridpoints/BOX/26,70
https://api.weather.gov/gridpoints/BOX/26,67
https://api.weather.gov/gridpoints/BOX/25,67
https://api.weather.gov/gridpoints/BOX/22,81
https://api.weather.gov/gridpoints/BTV/107,61
https://api.weather.gov/gridpoints/BOX/70,53
https://api.weather.gov/gridpoints/BOX/54,56
https://api.weather.gov/gridpoints/BOX/57,64
https://api.weather.gov/gridpoints/BOX/49,54
https://api.weather.gov/gridpoints/BOX/34,77
https://api.weather.gov/gridpoints/BOX/29,71
https://api.weather.gov/gridpoints/BOX/73,64
https://api.weather.gov/gridpoints/BOX/31,74
https://api.weather.gov/gridpoints/BOX/84,63
https://api.weather.gov/gridpoints/BOX/64,73
https://api.weather.gov/gridpoints/BOX/42,72
https://api.weather.gov/gridpoints/GYX/41,12
https://api.weather.gov/gridpoints/BOX/86,74
https://api.weather.gov/gridpoints/BOX/59,67
https://api.weather.gov/gridpoints/BOX/43,71
https://api.weather.gov/gridpoints/BOX/48,74
https://api.weather.gov/gridpoints/BOX/76,59
https://api.weather.gov/gridpoints/BOX/59,75
https://api.weather.gov/gridpoints/BOX/66,83
https://api.weather.gov/gridpoints/BOX/75,59
https://api.weather.gov/gridpoints/BOX/76,60
https://api.weather.gov/gridpoints/BOX/60,53
https://api.weather.gov/gridpoints/BOX/69,108
https://api.weather.gov/gridpoints/BOX/56,102
https://api.weather.gov/gridpoints/BOX/37,95
https://api.weather.gov/gridpoints/BOX/54,101
https://api.weather.gov/gridpoints/BOX/56,43
https://api.weather.gov/gridpoints/BOX/56,42
https://api.weather.gov/gridpoints/BOX/74,53
https://api.weather.gov/gridpoints/BOX/65,64
