https://api.weather.gov/gridpoints/ALY/97,77
https://api.weather.gov/gridpoints/BOX/42,101
https://api.weather.gov/gridpoints/BOX/74,106
https://api.weather.gov/gridpoints/BOX/25,83
https://api.weather.gov/gridpoints/ALY/91,57
https://api.weather.gov/gridpoints/ALY/88,63
https://api.weather.gov/gridpoints/BOX/78,70
https://api.weather.gov/gridpoints/BOX/76,118
https://api.weather.gov/gridpoints/BOX/18,84
https://api.weather.gov/gridpoints/BOX/51,83
https://api.weather.gov/gridpoints/BOX/55,83
https://api.weather.gov/gridpoints/BOX/64,89
https://api.weather.gov/gridpoints/BTV/112,73
https://api.weather.gov/gridpoints/BOX/69,119
https://api.weather.gov/gridpoints/BOX/51,93
https://api.weather.gov/gridpoints/BOX/73,98
https://api.weather.gov/gridpoints/GYX/30,100
https://api.weather.gov/gridpoints/BOX/39,106
https://api.weather.gov/gridpoints/GYX/56,91
https://api.weather.gov/gridpoints/BOX/75,78
https://api.weather.gov/gridpoints/BOX/66,42
https://api.weather.gov/gridpoints/BOX/71,102
https://api.weather.gov/gridpoints/BOX/95,73
https://api.weather.gov/gridpoints/GYX/20,54
https://api.weather.gov/gridpoints/ALY/89,71
https://api.weather.gov/gridpoints/BTV/111,43
https://api.weather.gov/gridpoints/BOX/41,91
https://api.weather.gov/gridpoints/BOX/22,104
https://api.weather.gov/gridpoints/BOX/55,65
https://api.weather.gov/gridpoints/BTV/92,66
https://api.weather.gov/gridpoints/BOX/87,78
https://api.weather.gov/gridpoints/BOX/78,70
https://api.weather.gov/gridpoints/BOX/17,88
https://api.weather.gov/gridpoints/BOX/45,90
https://api.weather.gov/gridpoints/BOX/35,86
https://api.weather.gov/gridpoints/BOX/45,90
https://api.weather.gov/gridpoints/BOX/48,88
https://api.weather.gov/gridpoints/BOX/45,90
https://api.weather.gov/gridpoints/BOX/79,75
https://api.weather.gov/gridpoints/BOX/81,76
https://api.weather.gov/gridpoints/BOX/53,89
https://api.weather.gov/gridpoints/BOX/49,101
https://api.weather.gov/gridpoints/BOX/52,84
https://api.weather.gov/gridpoints/BOX/85,92
https://api.weather.gov/gridpoints/BOX/28,104
https://api.weather.gov/gridpoints/BOX/58,102
https://api.weather.gov/gridpoints/BOX/43,81
https://api.weather.gov/gridpoints/BTV/123,72
https://api.weather.gov/gridpoints/CAR/84,74
https://api.weather.gov/gridpoints/GYX/95,102
https://api.weather.gov/gridpoints/BOX/93,72
https://api.weather.gov/gridpoints/BOX/72,98
https://api.weather.gov/gridpoints/BOX/67,120
https://api.weather.gov/gridpoints/BOX/52,86
https://api.weather.gov/gridpoints/GYX/114,86
https://api.weather.gov/gridpoints/ALY/96,71
https://api.weather.gov/gridpoints/BOX/93,70
https://api.weather.gov/gridpoints/BOX/79,72
https://api.weather.gov/gridpoints/BTV/91,55
https://api.weather.gov/gridpoints/GYX/76,127
https://api.weather.gov/gridpoints/GYX/52,100
https://api.weather.gov/gridpoints/BOX/79,98
https://api.weather.gov/gridpoints/GYX/49,135
https://api.weather.gov/gridpoints/CAR/85,111
https://api.weather.gov/gridpoints/CAR/74,102
https://api.weather.gov/gridpoints/CAR/85,117
https://api.weather.gov/gridpoints/CAR/75,136
https://api.weather.gov/gridpoints/GYX/13,27
https://api.weather.gov/gridpoints/CAR/81,161
https://api.weather.gov/gridpoints/BOX/57,111
https://api.weather.gov/gridpoints/BTV/118,29
https://api.weather.gov/gridpoints/BOX/28,75
https://api.weather.gov/gridpoints/BOX/70,123
https://api.weather.gov/gridpoints/BOX/23,83
https://api.weather.gov/gridpoints/BOX/67,73
https://api.weather.gov/gridpoints/BOX/77,88
https://api.weather.gov/gridpoints/GYX/60,100
https://api.weather.gov/gridpoints/GYX/64,97
https://api.weather.gov/gridpoints/ALY/88,41
https://api.weather.gov/gridpoints/BOX/39,91
https://api.weather.gov/gridpoints/BOX/94,77
https://api.weather.gov/gridpoints/BOX/79,74
https://api.weather.gov/gridpoints/BOX/79,70
https://api.weather.gov/gridpoints/CAR/87,76
https://api.weather.gov/gridpoints/BOX/18,102
https://api.weather.gov/gridpoints/BOX/87,77
https://api.weather.gov/gridpoints/BTV/93,78
https://api.weather.gov/gridpoints/BOX/60,99
https://api.weather.gov/gridpoints/BOX/76,77
https://api.weather.gov/gridpoints/OKX/93,94
https://api.weather.gov/gridpoints/BOX/40,107
https://api.weather.gov/gridpoints/BTV/91,41
https://api.weather.gov/gridpoints/BOX/66,89
https://api.weather.gov/gridpoints/BOX/37,106
https://api.weather.gov/gridpoints/BOX/89,84
https://api.weather.gov/gridpoints/ALY/110,80
https://api.weather.gov/gridpoints/BOX/19,97
https://api.weather.gov/gridpoints/BOX/40,105
https://api.weather.gov/gridpoints/BOX/58,104
https://api.weather.gov/gridpoints/BOX/94,62
https://api.weather.gov/gridpoints/BOX/91,77
https://api.weather.gov/gridpoints/BOX/16,82
https://api.weather.gov/gridpoints/BOX/23,83
https://api.weather.gov/gridpoints/BOX/21,83
https://api.weather.gov/gridpoints/BOX/42,85
https://api.weather.gov/gridpoints/BOX/74,73
https://api.weather.gov/gridpoints/BTV/103,19
https://api.weather.gov/gridpoints/BOX/65,73
https://api.weather.gov/gridpoints/BTV/90,49
https://api.weather.gov/gridpoints/BOX/84,95
https://api.weather.gov/gridpoints/BOX/83,70
https://api.weather.gov/gridpoints/BOX/36,102
https://api.weather.gov/gridpoints/BTV/120,73
https://api.weather.gov/gridpoints/BOX/65,111
https://api.weather.gov/gridpoints/BOX/60,90
https://api.weather.gov/gridpoints/BOX/52,91
https://api.weather.gov/gridpoints/BTV/118,5
https://api.weather.gov/gridpoints/BOX/36,97
https://api.weather.gov/gridpoints/BOX/36,95
https://api.weather.gov/gridpoints/BOX/8,88
https://api.weather.gov/gridpoints/BOX/61,103
https://api.weather.gov/gridpoints/BOX/31,105
https://api.weather.gov/gridpoints/BOX/40,99
https://api.weather.gov/gridpoints/BOX/89,84
https://api.weather.gov/gridpoints/BOX/41,94
https://api.weather.gov/gridpoints/BOX/25,77
https://api.weather.gov/gridpoints/BOX/28,103
https://api.weather.gov/gridpoints/BOX/36,83
https://api.weather.gov/gridpoints/BOX/36,83
https://api.weather.gov/gridpoints/BOX/33,97
https://api.weather.gov/gridpoints/BOX/59,73
https://api.weather.gov/gridpoints/BOX/29,86
https://api.weather.gov/gridpoints/BOX/59,111
https://api.weather.gov/gridpoints/BOX/71,123
https://api.weather.gov/gridpoints/GYX/19,20
https://api.weather.gov/gridpoints/BOX/84,95
https://api.weather.gov/gridpoints/BOX/51,102
https://api.weather.gov/gridpoints/BOX/56,102
https://api.weather.gov/gridpoints/BOX/97,72
https://api.weather.gov/gridpoints/BOX/47,86
https://api.weather.gov/gridpoints/BOX/31,87
https://api.weather.gov/gridpoints/BOX/87,78
https://api.weather.gov/gridpoints/BOX/70,74
https://api.weather.gov/gridpoints/BOX/47,106
https://api.weather.gov/gridpoints/ALY/94,67
https://api.weather.gov/gridpoints/BOX/79,67
https://api.weather.gov/gridpoints/BOX/30,87
https://api.weather.gov/gridpoints/BOX/65,112
https://api.weather.gov/gridpoints/BOX/65,96
https://api.weather.gov/gridpoints/BOX/16,93
https://api.weather.gov/gridpoints/BOX/56,82
https://api.weather.gov/gridpoints/OKX/90,91
https://api.weather.gov/gridpoints/OKX/91,90
https://api.weather.gov/gridpoints/BOX/16,83
https://api.weather.gov/gridpoints/BOX/42,83
https://api.weather.gov/gridpoints/BTV/94,27
https://api.weather.gov/gridpoints/BOX/40,92
https://api.weather.gov/gridpoints/CAR/74,75
https://api.weather.gov/gridpoints/BTV/118,82
https://api.weather.gov/gridpoints/BOX/84,71
https://api.weather.gov/gridpoints/BOX/75,86
https://api.weather.gov/gridpoints/BOX/85,84
https://api.weather.gov/gridpoints/BOX/88,78
https://api.weather.gov/gridpoints/BOX/57,81
https://api.weather.gov/gridpoints/BOX/34,92
https://api.weather.gov/gridpoints/BOX/86,86
https://api.weather.gov/gridpoints/BOX/76,118
https://api.weather.gov/gridpoints/BOX/21,79
https://api.weather.gov/gridpoints/BOX/69,79
https://api.weather.gov/gridpoints/BOX/22,84
https://api.weather.gov/gridpoints/BOX/20,78
https://api.weather.gov/gridpoints/BOX/51,107
https://api.weather.gov/gridpoints/BOX/18,96
https://api.weather.gov/gridpoints/BOX/63,64
https://api.weather.gov/gridpoints/BOX/46,109
https://api.weather.gov/gridpoints/BTV/91,57
https://api.weather.gov/gridpoints/ALY/91,55
https://api.weather.gov/gridpoints/GYX/34,89
https://api.weather.gov/gridpoints/BOX/109,79
https://api.weather.gov/gridpoints/BOX/112,77
https://api.weather.gov/gridpoints/BOX/109,77
https://api.weather.gov/gridpoints/BOX/98,59
https://api.weather.gov/gridpoints/BOX/98,59
https://api.weather.gov/gridpoints/BOX/99,73
https://api.weather.gov/gridpoints/BOX/108,76
https://api.weather.gov/gridpoints/BOX/92,81
https://api.weather.gov/gridpoints/BOX/79,90
https://api.weather.gov/gridpoints/BOX/79,74
https://api.weather.gov/gridpoints/BOX/79,72
https://api.weather.gov/gridpoints/BOX/80,66
https://api.weather.gov/gridpoints/BOX/73,85
https://api.weather.gov/gridpoints/BOX/24,85
https://api.weather.gov/gridpoints/BOX/64,118
https://api.weather.gov/gridpoints/BOX/84,85
https://api.weather.gov/gridpoints/BOX/50,105
https://api.weather.gov/gridpoints/BOX/63,85
https://api.weather.gov/gridpoints/BOX/63,85
https://api.weather.gov/gridpoints/CAR/82,90
https://api.weather.gov/gridpoints/BOX/48,103
https://api.weather.gov/gridpoints/BOX/74,112
https://api.weather.gov/gridpoints/BOX/63,63
https://api.weather.gov/gridpoints/BOX/55,66
https://api.weather.gov/gridpoints/BOX/55,66
https://api.weather.gov/gridpoints/BOX/54,67
https://api.weather.gov/gridpoints/BOX/54,67
https://api.weather.gov/gridpoints/BOX/55,66
https://api.weather.gov/gridpoints/BOX/55,66
https://api.weather.gov/gridpoints/BOX/51,107
https://api.weather.gov/gridpoints/BOX/30,86
https://api.weather.gov/gridpoints/BOX/30,86
https://api.weather.gov/gridpoints/BOX/30,86
https://api.weather.gov/gridpoints/BOX/54,93
https://api.weather.gov/gridpoints/BOX/73,124
https://api.weather.gov/gridpoints/BOX/52,90
https://api.weather.gov/gridpoints/BOX/63,110
https://api.weather.gov/gridpoints/BTV/90,71
https://api.weather.gov/gridpoints/BOX/64,120
https://api.weather.gov/gridpoints/BOX/31,83
https://api.weather.gov/gridpoints/BOX/81,70
https://api.weather.gov/gridpoints/BOX/38,109
https://api.weather.gov/gridpoints/BOX/38,100
https://api.weather.gov/gridpoints/BTV/104,15
https://api.weather.gov/gridpoints/BTV/91,54
https://api.weather.gov/gridpoints/BOX/22,92
https://api.weather.gov/gridpoints/BOX/46,107
https://api.weather.gov/gridpoints/OKX/88,83
https://api.weather.gov/gridpoints/BOX/77,68
https://api.weather.gov/gridpoints/BOX/77,68
https://api.weather.gov/gridpoints/ALY/88,47
https://api.weather.gov/gridpoints/ALY/89,46
https://api.weather.gov/gridpoints/BOX/28,79
https://api.weather.gov/gridpoints/BOX/63,73
https://api.weather.gov/gridpoints/BOX/51,106
https://api.weather.gov/gridpoints/BTV/104,19
https://api.weather.gov/gridpoints/BTV/88,51
https://api.weather.gov/gridpoints/BTV/91,57
https://api.weather.gov/gridpoints/BTV/96,55
https://api.weather.gov/gridpoints/BTV/92,39
https://api.weather.gov/gridpoints/OKX/91,90
https://api.weather.gov/gridpoints/OKX/94,83
https://api.weather.gov/gridpoints/OKX/94,83
https://api.weather.gov/gridpoints/OKX/91,91
https://api.weather.gov/gridpoints/BOX/35,86
https://api.weather.gov/gridpoints/BOX/38,90
https://api.weather.gov/gridpoints/BOX/32,84
https://api.weather.gov/gridpoints/BOX/75,77
https://api.weather.gov/gridpoints/BOX/48,90
https://api.weather.gov/gridpoints/BOX/94,77
https://api.weather.gov/gridpoints/GYX/84,102
https://api.weather.gov/gridpoints/BOX/37,89
https://api.weather.gov/gridpoints/BOX/27,89
https://api.weather.gov/gridpoints/ALY/98,35
https://api.weather.gov/gridpoints/BOX/73,87
https://api.weather.gov/gridpoints/BOX/78,84
https://api.weather.gov/gridpoints/BOX/59,90
https://api.weather.gov/gridpoints/BOX/66,109
https://api.weather.gov/gridpoints/BOX/74,73
https://api.weather.gov/gridpoints/BOX/49,106
https://api.weather.gov/gridpoints/BOX/61,96
https://api.weather.gov/gridpoints/BOX/70,95
https://api.weather.gov/gridpoints/BOX/93,79
https://api.weather.gov/gridpoints/BOX/19,101
https://api.weather.gov/gridpoints/BOX/63,110
https://api.weather.gov/gridpoints/BOX/24,94
https://api.weather.gov/gridpoints/BOX/64,105
https://api.weather.gov/gridpoints/BOX/42,87
https://api.weather.gov/gridpoints/BOX/42,86
https://api.weather.gov/gridpoints/BOX/66,88
https://api.weather.gov/gridpoints/BOX/63,110
https://api.weather.gov/gridpoints/BOX/61,86
https://api.weather.gov/gridpoints/BTV/83,78
https://api.weather.gov/gridpoints/BOX/83,115
https://api.weather.gov/gridpoints/BOX/74,122
https://api.weather.gov/gridpoints/BOX/16,76
https://api.weather.gov/gridpoints/BTV/121,22
https://api.weather.gov/gridpoints/BTV/92,56
https://api.weather.gov/gridpoints/BTV/114,45
https://api.weather.gov/gridpoints/BOX/52,86
https://api.weather.gov/gridpoints/ALY/88,61
https://api.weather.gov/gridpoints/BOX/33,76
https://api.weather.gov/gridpoints/BOX/20,88
https://api.weather.gov/gridpoints/BOX/16,88
https://api.weather.gov/gridpoints/BOX/22,55
https://api.weather.gov/gridpoints/BTV/104,17
https://api.weather.gov/gridpoints/BOX/22,107
https://api.weather.gov/gridpoints/BOX/54,88
https://api.weather.gov/gridpoints/BOX/54,87
https://api.weather.gov/gridpoints/BOX/44,91
https://api.weather.gov/gridpoints/BOX/81,85
https://api.weather.gov/gridpoints/BOX/10,84
https://api.weather.gov/gridpoints/BOX/17,88
https://api.weather.gov/gridpoints/BOX/54,86
https://api.weather.gov/gridpoints/BOX/16,75
https://api.weather.gov/gridpoints/BOX/36,86
https://api.weather.gov/gridpoints/BOX/37,106
https://api.weather.gov/gridpoints/CAR/87,75
https://api.weather.gov/gridpoints/BOX/60,64
https://api.weather.gov/gridpoints/BOX/54,55
https://api.weather.gov/gridpoints/ALY/88,78
https://api.weather.gov/gridpoints/BOX/72,111
https://api.weather.gov/gridpoints/BOX/37,88
https://api.weather.gov/gridpoints/OKX/98,93
https://api.weather.gov/gridpoints/OKX/98,93
https://api.weather.gov/gridpoints/BOX/42,68
https://api.weather.gov/gridpoints/BOX/42,68
https://api.weather.gov/gridpoints/ALY/91,36
https://api.weather.gov/gridpoints/BOX/48,65
https://api.weather.gov/gridpoints/BOX/44,85
https://api.weather.gov/gridpoints/OKX/61,85
https://api.weather.gov/gridpoints/BOX/61,96
https://api.weather.gov/gridpoints/BOX/52,86
https://api.weather.gov/gridpoints/BOX/23,86
https://api.weather.gov/gridpoints/BOX/27,68
https://api.weather.gov/gridpoints/BOX/20,59
https://api.weather.gov/gridpoints/BTV/138,62
https://api.weather.gov/gridpoints/OKX/71,87
https://api.weather.gov/gridpoints/OKX/71,87
https://api.weather.gov/gridpoints/BOX/72,123
https://api.weather.gov/gridpoints/BOX/36,98
https://api.weather.gov/gridpoints/BTV/90,71
https://api.weather.gov/gridpoints/BTV/115,11
https://api.weather.gov/gridpoints/OKX/89,95
https://api.weather.gov/gridpoints/OKX/89,95
https://api.weather.gov/gridpoints/OKX/89,95
https://api.weather.gov/gridpoints/OKX/89,95
https://api.weather.gov/gridpoints/OKX/89,95
https://api.weather.gov/gridpoints/BOX/86,77
https://api.weather.gov/gridpoints/BOX/27,79
https://api.weather.gov/gridpoints/BOX/18,105
https://api.weather.gov/gridpoints/ALY/95,57
https://api.weather.gov/gridpoints/ALY/96,63
https://api.weather.gov/gridpoints/BOX/17,84
https://api.weather.gov/gridpoints/BOX/23,82
https://api.weather.gov/gridpoints/BOX/27,79
https://api.weather.gov/gridpoints/OKX/70,74
https://api.weather.gov/gridpoints/BOX/17,77
https://api.weather.gov/gridpoints/BOX/21,96
https://api.weather.gov/gridpoints/BOX/20,95
https://api.weather.gov/gridpoints/BOX/22,99
https://api.weather.gov/gridpoints/BOX/23,82
https://api.weather.gov/gridpoints/BOX/26,84
https://api.weather.gov/gridpoints/BOX/60,73
https://api.weather.gov/gridpoints/BOX/60,73
https://api.weather.gov/gridpoints/BOX/60,73
https://api.weather.gov/gridpoints/BOX/60,73
https://api.weather.gov/gridpoints/BOX/60,73
https://api.weather.gov/gridpoints/BOX/60,73
https://api.weather.gov/gridpoints/BOX/59,73
https://api.weather.gov/gridpoints/BOX/60,79
https://api.weather.gov/gridpoints/BOX/30,87
https://api.weather.gov/gridpoints/BOX/21,92
https://api.weather.gov/gridpoints/BOX/76,88
https://api.weather.gov/gridpoints/BOX/41,86
https://api.weather.gov/gridpoints/BOX/45,109
https://api.weather.gov/gridpoints/BOX/45,82
https://api.weather.gov/gridpoints/BOX/14,94
https://api.weather.gov/gridpoints/BOX/32,82
https://api.weather.gov/gridpoints/BOX/42,106
https://api.weather.gov/gridpoints/ALY/91,58
https://api.weather.gov/gridpoints/ALY/92,50
https://api.weather.gov/gridpoints/BOX/87,85
https://api.weather.gov/gridpoints/BOX/57,56
https://api.weather.gov/gridpoints/BOX/70,64
https://api.weather.gov/gridpoints/BOX/66,89
https://api.weather.gov/gridpoints/ALY/103,33
https://api.weather.gov/gridpoints/BOX/48,95
https://api.weather.gov/gridpoints/BOX/87,82
https://api.weather.gov/gridpoints/GYX/76,113
https://api.weather.gov/gridpoints/BOX/57,80
https://api.weather.gov/gridpoints/BOX/51,71
https://api.weather.gov/gridpoints/BOX/25,79
https://api.weather.gov/gridpoints/BOX/42,91
https://api.weather.gov/gridpoints/BOX/64,100
https://api.weather.gov/gridpoints/BOX/75,94
https://api.weather.gov/gridpoints/BOX/57,94
https://api.weather.gov/gridpoints/BOX/24,59
https://api.weather.gov/gridpoints/BOX/66,121
https://api.weather.gov/gridpoints/BOX/96,74
https://api.weather.gov/gridpoints/BOX/93,70
https://api.weather.gov/gridpoints/BOX/71,87
https://api.weather.gov/gridpoints/BOX/71,87
https://api.weather.gov/gridpoints/BOX/22,80
https://api.weather.gov/gridpoints/BOX/72,82
https://api.weather.gov/gridpoints/BOX/56,113
https://api.weather.gov/gridpoints/BOX/23,85
https://api.weather.gov/gridpoints/BOX/22,94
https://api.weather.gov/gridpoints/BOX/59,58
https://api.weather.gov/gridpoints/BOX/57,59
https://api.weather.gov/gridpoints/BOX/59,58
https://api.weather.gov/gridpoints/BOX/34,90
https://api.weather.gov/gridpoints/BOX/51,92
https://api.weather.gov/gridpoints/BOX/73,75
https://api.weather.gov/gridpoints/BOX/52,92
https://api.weather.gov/gridpoints/BOX/56,101
https://api.weather.gov/gridpoints/BOX/83,88
https://api.weather.gov/gridpoints/BOX/76,88
https://api.weather.gov/gridpoints/BOX/47,77
https://api.weather.gov/gridpoints/BOX/48,101
https://api.weather.gov/gridpoints/BOX/66,85
https://api.weather.gov/gridpoints/BOX/72,93
https://api.weather.gov/gridpoints/BOX/47,72
https://api.weather.gov/gridpoints/ALY/90,58
https://api.weather.gov/gridpoints/ALY/88,55
https://api.weather.gov/gridpoints/ALY/87,55
https://api.weather.gov/gridpoints/ALY/88,55
https://api.weather.gov/gridpoints/BOX/51,100
https://api.weather.gov/gridpoints/ALY/100,48
https://api.weather.gov/gridpoints/BOX/59,103
https://api.weather.gov/gridpoints/BOX/24,86
https://api.weather.gov/gridpoints/OKX/66,74
https://api.weather.gov/gridpoints/BOX/61,71
https://api.weather.gov/gridpoints/BOX/84,72
https://api.weather.gov/gridpoints/BOX/88,77
https://api.weather.gov/gridpoints/BOX/88,77
https://api.weather.gov/gridpoints/BOX/88,77
https://api.weather.gov/gridpoints/BTV/94,52
https://api.weather.gov/gridpoints/BOX/48,103
https://api.weather.gov/gridpoints/BOX/71,66
https://api.weather.gov/gridpoints/BOX/91,80
https://api.weather.gov/gridpoints/BOX/84,84
https://api.weather.gov/gridpoints/BOX/85,84
https://api.weather.gov/gridpoints/BOX/79,73
https://api.weather.gov/gridpoints/BOX/45,90
https://api.weather.gov/gridpoints/BOX/45,90
https://api.weather.gov/gridpoints/BOX/45,90
https://api.weather.gov/gridpoints/ALY/96,77
https://api.weather.gov/gridpoints/BOX/58,86
https://api.weather.gov/gridpoints/BOX/85,76
https://api.weather.gov/gridpoints/BTV/123,31
https://api.weather.gov/gridpoints/BTV/103,58
https://api.weather.gov/gridpoints/BOX/90,76
https://api.weather.gov/gridpoints/BOX/90,76
https://api.weather.gov/gridpoints/BOX/71,75
https://api.weather.gov/gridpoints/BOX/40,90
https://api.weather.gov/gridpoints/BOX/73,90
https://api.weather.gov/gridpoints/BOX/40,90
https://api.weather.gov/gridpoints/BOX/42,84
https://api.weather.gov/gridpoints/BOX/30,91
https://api.weather.gov/gridpoints/BOX/45,103
https://api.weather.gov/gridpoints/BOX/52,85
https://api.weather.gov/gridpoints/BOX/41,94
https://api.weather.gov/gridpoints/BOX/17,89
https://api.weather.gov/gridpoints/BOX/32,82
https://api.weather.gov/gridpoints/BOX/42,84
https://api.weather.gov/gridpoints/BOX/40,97
https://api.weather.gov/gridpoints/BTV/91,38
https://api.weather.gov/gridpoints/BOX/52,91
https://api.weather.gov/gridpoints/BOX/46,87
https://api.weather.gov/gridpoints/BOX/52,106
https://api.weather.gov/gridpoints/BOX/23,82
https://api.weather.gov/gridpoints/BOX/60,94
https://api.weather.gov/gridpoints/BOX/60,86
https://api.weather.gov/gridpoints/BOX/21,76
https://api.weather.gov/gridpoints/BOX/43,111
https://api.weather.gov/gridpoints/BOX/89,77
https://api.weather.gov/gridpoints/BTV/93,53
https://api.weather.gov/gridpoints/BTV/93,41
https://api.weather.gov/gridpoints/BTV/96,49
https://api.weather.gov/gridpoints/ALY/112,90
https://api.weather.gov/gridpoints/BOX/34,110
https://api.weather.gov/gridpoints/ALY/87,44
https://api.weather.gov/gridpoints/BOX/64,58
https://api.weather.gov/gridpoints/BOX/55,86
https://api.weather.gov/gridpoints/BOX/19,103
https://api.weather.gov/gridpoints/BOX/62,59
https://api.weather.gov/gridpoints/BOX/67,110
https://api.weather.gov/gridpoints/BOX/57,59
https://api.weather.gov/gridpoints/BOX/56,66
https://api.weather.gov/gridpoints/ALY/88,61
https://api.weather.gov/gridpoints/BOX/8,98
https://api.weather.gov/gridpoints/BOX/6,77
https://api.weather.gov/gridpoints/ALY/96,48
https://api.weather.gov/gridpoints/BOX/24,70
https://api.weather.gov/gridpoints/BOX/26,65
https://api.weather.gov/gridpoints/BOX/26,65
https://api.weather.gov/gridpoints/BOX/79,75
https://api.weather.gov/gridpoints/BOX/36,106
https://api.weather.gov/gridpoints/OKX/79,88
https://api.weather.gov/gridpoints/BOX/55,78
https://api.weather.gov/gridpoints/BOX/16,89
https://api.weather.gov/gridpoints/BTV/104,12
https://api.weather.gov/gridpoints/BOX/57,91
https://api.weather.gov/gridpoints/BOX/83,82
https://api.weather.gov/gridpoints/BOX/63,66
https://api.weather.gov/gridpoints/BOX/52,106
https://api.weather.gov/gridpoints/BOX/17,83
https://api.weather.gov/gridpoints/BOX/75,82
https://api.weather.gov/gridpoints/BOX/74,86
https://api.weather.gov/gridpoints/BOX/55,107
https://api.weather.gov/gridpoints/BOX/37,106
https://api.weather.gov/gridpoints/BOX/54,104
https://api.weather.gov/gridpoints/BOX/12,84
https://api.weather.gov/gridpoints/BOX/54,79
https://api.weather.gov/gridpoints/BOX/44,85
https://api.weather.gov/gridpoints/BOX/56,83
https://api.weather.gov/gridpoints/BOX/42,82
https://api.weather.gov/gridpoints/BOX/41,87
https://api.weather.gov/gridpoints/BOX/42,89
https://api.weather.gov/gridpoints/BOX/42,83
https://api.weather.gov/gridpoints/BOX/42,83
https://api.weather.gov/gridpoints/BOX/51,99
https://api.weather.gov/gridpoints/OKX/67,81
https://api.weather.gov/gridpoints/BOX/43,86
https://api.weather.gov/gridpoints/BOX/45,90
https://api.weather.gov/gridpoints/BOX/42,91
https://api.weather.gov/gridpoints/BOX/33,104
https://api.weather.gov/gridpoints/BOX/45,90
https://api.weather.gov/gridpoints/BOX/72,76
https://api.weather.gov/gridpoints/BOX/41,84
https://api.weather.gov/gridpoints/BOX/37,90
https://api.weather.gov/gridpoints/BOX/42,91
https://api.weather.gov/gridpoints/BOX/42,82
https://api.weather.gov/gridpoints/BOX/42,82
https://api.weather.gov/gridpoints/BOX/42,82
https://api.weather.gov/gridpoints/BOX/37,89
https://api.weather.gov/gridpoints/BOX/41,81
https://api.weather.gov/gridpoints/BOX/56,83
https://api.weather.gov/gridpoints/BOX/56,83
https://api.weather.gov/gridpoints/BOX/26,75
https://api.weather.gov/gridpoints/BOX/30,82
https://api.weather.gov/gridpoints/GYX/57,45
https://api.weather.gov/gridpoints/BOX/57,64
https://api.weather.gov/gridpoints/BOX/79,79
https://api.weather.gov/gridpoints/BOX/25,83
https://api.weather.gov/gridpoints/BOX/80,80
https://api.weather.gov/gridpoints/BOX/63,70
https://api.weather.gov/gridpoints/BOX/30,104
https://api.weather.gov/gridpoints/BOX/40,90
https://api.weather.gov/gridpoints/BOX/54,55
https://api.weather.gov/gridpoints/CAR/55,94
https://api.weather.gov/gridpoints/GYX/84,92
https://api.weather.gov/gridpoints/GYX/86,106
https://api.weather.gov/gridpoints/GYX/61,79
https://api.weather.gov/gridpoints/BOX/7,81
https://api.weather.gov/gridpoints/BOX/71,71
https://api.weather.gov/gridpoints/BOX/22,104
https://api.weather.gov/gridpoints/BOX/18,87
https://api.weather.gov/gridpoints/BOX/59,74
https://api.weather.gov/gridpoints/BOX/50,105
https://api.weather.gov/gridpoints/BOX/40,104
https://api.weather.gov/gridpoints/BOX/21,95
https://api.weather.gov/gridpoints/BOX/45,108
https://api.weather.gov/gridpoints/BOX/51,93
https://api.weather.gov/gridpoints/GYX/89,116
https://api.weather.gov/gridpoints/BOX/61,76
https://api.weather.gov/gridpoints/BOX/71,91
https://api.weather.gov/gridpoints/BOX/61,70
https://api.weather.gov/gridpoints/BOX/83,83
https://api.weather.gov/gridpoints/BOX/55,100
https://api.weather.gov/gridpoints/BOX/60,73
https://api.weather.gov/gridpoints/BOX/77,78
https://api.weather.gov/gridpoints/BOX/63,70
https://api.weather.gov/gridpoints/BOX/60,73
https://api.weather.gov/gridpoints/BOX/84,82
https://api.weather.gov/gridpoints/BOX/59,72
https://api.weather.gov/gridpoints/BOX/24,84
https://api.weather.gov/gridpoints/BOX/32,89
https://api.weather.gov/gridpoints/BOX/40,88
https://api.weather.gov/gridpoints/BOX/69,85
https://api.weather.gov/gridpoints/BOX/58,112
https://api.weather.gov/gridpoints/BOX/50,104
https://api.weather.gov/gridpoints/BOX/65,100
https://api.weather.gov/gridpoints/BOX/39,90
https://api.weather.gov/gridpoints/BOX/42,82
https://api.weather.gov/gridpoints/BOX/26,81
https://api.weather.gov/gridpoints/BOX/26,78
https://api.weather.gov/gridpoints/BOX/26,78
https://api.weather.gov/gridpoints/BOX/25,78
https://api.weather.gov/gridpoints/BOX/22,92
https://api.weather.gov/gridpoints/BOX/22,92
https://api.weather.gov/gridpoints/BTV/108,61
https://api.weather.gov/gridpoints/BOX/70,64
https://api.weather.gov/gridpoints/BOX/54,67
https://api.weather.gov/gridpoints/BOX/57,75
https://api.weather.gov/gridpoints/BOX/49,65
https://api.weather.gov/gridpoints/BOX/34,88
https://api.weather.gov/gridpoints/BOX/29,82
https://api.weather.gov/gridpoints/BOX/73,75
https://api.weather.gov/gridpoints/BOX/31,85
https://api.weather.gov/gridpoints/BOX/84,74
https://api.weather.gov/gridpoints/BOX/64,84
https://api.weather.gov/gridpoints/BOX/42,83
https://api.weather.gov/gridpoints/GYX/38,12
https://api.weather.gov/gridpoints/BOX/86,85
https://api.weather.gov/gridpoints/BOX/59,78
https://api.weather.gov/gridpoints/BOX/43,82
https://api.weather.gov/gridpoints/BOX/48,85
https://api.weather.gov/gridpoints/BOX/76,70
https://api.weather.gov/gridpoints/BOX/59,86
https://api.weather.gov/gridpoints/BOX/66,94
https://api.weather.gov/gridpoints/BOX/75,70
https://api.weather.gov/gridpoints/BOX/76,71
https://api.weather.gov/gridpoints/BOX/60,64
https://api.weather.gov/gridpoints/BOX/69,119
https://api.weather.gov/gridpoints/BOX/56,113
https://api.weather.gov/gridpoints/BOX/37,106
https://api.weather.gov/gridpoints/BOX/54,112
https://api.weather.gov/gridpoints/BOX/56,54
https://api.weather.gov/gridpoints/BOX/56,53
https://api.weather.gov/gridpoints/BOX/74,64
https://api.weather.gov/gridpoints/BOX/65,75
