https://api.weather.gov/stations/KDDH/observations/latest
https://api.weather.gov/stations/KFIT/observations/latest
https://api.weather.gov/stations/KBOS/observations/latest
https://api.weather.gov/stations/KCEF/observations/latest
https://api.weather.gov/stations/KPSF/observations/latest
https://api.weather.gov/stations/KAQW/observations/latest
https://api.weather.gov/stations/KEWB/observations/latest
https://api.weather.gov/stations/KBVY/observations/latest
https://api.weather.gov/stations/KBAF/observations/latest
https://api.weather.gov/stations/KSFZ/observations/latest
https://api.weather.gov/stations/KSFZ/observations/latest
https://api.weather.gov/stations/KOWD/observations/latest
https://api.weather.gov/stations/KEFK/observations/latest
https://api.weather.gov/stations/KLWM/observations/latest
https://api.weather.gov/stations/KORH/observations/latest
https://api.weather.gov/stations/KBOS/observations/latest
https://api.weather.gov/stations/KBML/observations/latest
https://api.weather.gov/stations/KFIT/observations/latest
https://api.weather.gov/stations/KLEW/observations/latest
https://api.weather.gov/stations/KTAN/observations/latest
https://api.weather.gov/stations/KBID/observations/latest
https://api.weather.gov/stations/KBOS/observations/latest
https://api.weather.gov/stations/KFMH/observations/latest
https://api.weather.gov/stations/KLCI/observations/latest
https://api.weather.gov/stations/KAQW/observations/latest
https://api.weather.gov/stations/KMPV/observations/latest
https://api.weather.gov/stations/KORH/observations/latest
https://api.weather.gov/stations/KORE/observations/latest
https://api.weather.gov/stations/KPVD/observations/latest
https://api.weather.gov/stations/KBTV/observations/latest
https://api.weather.gov/stations/KPYM/observations/latest
https://api.weather.gov/stations/KEWB/observations/latest
https://api.weather.gov/stations/KBAF/observations/latest
https://api.weather.gov/stations/KORH/observations/latest
https://api.weather.gov/stations/KORH/observations/latest
https://api.weather.gov/stations/KORH/observations/latest
https://api.weather.gov/stations/KORH/observations/latest
https://api.weather.gov/stations/KORH/observations/latest
https://api.weather.gov/stations/KEWB/observations/latest
https://api.weather.gov/stations/KEWB/observations/latest
https://api.weather.gov/stations/KORH/observations/latest
https://api.weather.gov/stations/KFIT/observations/latest
https://api.weather.gov/stations/KSFZ/observations/latest
https://api.weather.gov/stations/KPYM/observations/latest
https://api.weather.gov/stations/KORE/observations/latest
https://api.weather.gov/stations/KBED/observations/latest
https://api.weather.gov/stations/KORH/observations/latest
https://api.weather.gov/stations/KCDA/observations/latest
https://api.weather.gov/stations/KBHB/observations/latest
https://api.weather.gov/stations/KWVL/observations/latest
https://api.weather.gov/stations/KFMH/observations/latest
https://api.weather.gov/stations/KBOS/observations/latest
https://api.weather.gov/stations/KLWM/observations/latest
https://api.weather.gov/stations/KORH/observations/latest
https://api.weather.gov/stations/KRKD/observations/latest
https://api.weather.gov/stations/KAQW/observations/latest
https://api.weather.gov/stations/KFMH/observations/latest
https://api.weather.gov/stations/KEWB/observations/latest
https://api.weather.gov/stations/KBTV/observations/latest
https://api.weather.gov/stations/KGNR/observations/latest
https://api.weather.gov/stations/K8B0/observations/latest
https://api.weather.gov/stations/KBOS/observations/latest
https://api.weather.gov/stations/K8B0/observations/latest
https://api.weather.gov/stations/KMLT/observations/latest
https://api.weather.gov/stations/KMLT/observations/latest
https://api.weather.gov/stations/KMLT/observations/latest
https://api.weather.gov/stations/KHUL/observations/latest
https://api.weather.gov/stations/KVSF/observations/latest
https://api.weather.gov/stations/KPQI/observations/latest
https://api.weather.gov/stations/KASH/observations/latest
https://api.weather.gov/stations/KLEB/observations/latest
https://api.weather.gov/stations/KBDL/observations/latest
https://api.weather.gov/stations/KLWM/observations/latest
https://api.weather.gov/stations/KCEF/observations/latest
https://api.weather.gov/stations/KPVD/observations/latest
https://api.weather.gov/stations/KTAN/observations/latest
https://api.weather.gov/stations/K8B0/observations/latest
https://api.weather.gov/stations/KAUG/observations/latest
https://api.weather.gov/stations/KPSF/observations/latest
https://api.weather.gov/stations/KORH/observations/latest
https://api.weather.gov/stations/KFMH/observations/latest
https://api.weather.gov/stations/KEWB/observations/latest
https://api.weather.gov/stations/KEWB/observations/latest
https://api.weather.gov/stations/KBHB/observations/latest
https://api.weather.gov/stations/KORE/observations/latest
https://api.weather.gov/stations/KPYM/observations/latest
https://api.weather.gov/stations/KFSO/observations/latest
https://api.weather.gov/stations/KBED/observations/latest
https://api.weather.gov/stations/KTAN/observations/latest
https://api.weather.gov/stations/KIJD/observations/latest
https://api.weather.gov/stations/KFIT/observations/latest
https://api.weather.gov/stations/KBTV/observations/latest
https://api.weather.gov/stations/KOWD/observations/latest
https://api.weather.gov/stations/KORE/observations/latest
https://api.weather.gov/stations/KPYM/observations/latest
https://api.weather.gov/stations/KEEN/observations/latest
https://api.weather.gov/stations/KORE/observations/latest
https://api.weather.gov/stations/KFIT/observations/latest
https://api.weather.gov/stations/KBED/observations/latest
https://api.weather.gov/stations/KMVY/observations/latest
https://api.weather.gov/stations/KFMH/observations/latest
https://api.weather.gov/stations/KBAF/observations/latest
https://api.weather.gov/stations/KCEF/observations/latest
https://api.weather.gov/stations/KCEF/observations/latest
https://api.weather.gov/stations/KORH/observations/latest
https://api.weather.gov/stations/KEWB/observations/latest
https://api.weather.gov/stations/KRUT/observations/latest
https://api.weather.gov/stations/KPVD/observations/latest
https://api.weather.gov/stations/KBTV/observations/latest
https://api.weather.gov/stations/KPYM/observations/latest
https://api.weather.gov/stations/KEWB/observations/latest
https://api.weather.gov/stations/KORE/observations/latest
https://api.weather.gov/stations/KEFK/observations/latest
https://api.weather.gov/stations/KLWM/observations/latest
https://api.weather.gov/stations/KOWD/observations/latest
https://api.weather.gov/stations/KORH/observations/latest
https://api.weather.gov/stations/KVSF/observations/latest
https://api.weather.gov/stations/KORE/observations/latest
https://api.weather.gov/stations/KORH/observations/latest
https://api.weather.gov/stations/KBAF/observations/latest
https://api.weather.gov/stations/KBED/observations/latest
https://api.weather.gov/stations/KORE/observations/latest
https://api.weather.gov/stations/KORH/observations/latest
https://api.weather.gov/stations/KPYM/observations/latest
https://api.weather.gov/stations/KORH/observations/latest
https://api.weather.gov/stations/KBDL/observations/latest
https://api.weather.gov/stations/KORE/observations/latest
https://api.weather.gov/stations/KORH/observations/latest
https://api.weather.gov/stations/KORH/observations/latest
https://api.weather.gov/stations/KORE/observations/latest
https://api.weather.gov/stations/KSFZ/observations/latest
https://api.weather.gov/stations/KCEF/observations/latest
https://api.weather.gov/stations/KBED/observations/latest
https://api.weather.gov/stations/KLWM/observations/latest
https://api.weather.gov/stations/KEEN/observations/latest
https://api.weather.gov/stations/KPYM/observations/latest
https://api.weather.gov/stations/KFIT/observations/latest
https://api.weather.gov/stations/KBED/observations/latest
https://api.weather.gov/stations/KFMH/observations/latest
https://api.weather.gov/stations/KORH/observations/latest
https://api.weather.gov/stations/KCEF/observations/latest
https://api.weather.gov/stations/KPYM/observations/latest
https://api.weather.gov/stations/KPVD/observations/latest
https://api.weather.gov/stations/KFIT/observations/latest
https://api.weather.gov/stations/KAQW/observations/latest
https://api.weather.gov/stations/KEWB/observations/latest
https://api.weather.gov/stations/KCEF/observations/latest
https://api.weather.gov/stations/KLWM/observations/latest
https://api.weather.gov/stations/KOWD/observations/latest
https://api.weather.gov/stations/KCEF/observations/latest
https://api.weather.gov/stations/KSFZ/observations/latest
https://api.weather.gov/stations/KIJD/observations/latest
https://api.weather.gov/stations/KIJD/observations/latest
https://api.weather.gov/stations/KBAF/observations/latest
https://api.weather.gov/stations/KORH/observations/latest
https://api.weather.gov/stations/KRUT/observations/latest
https://api.weather.gov/stations/KORH/observations/latest
https://api.weather.gov/stations/KBGR/observations/latest
https://api.weather.gov/stations/KEFK/observations/latest
https://api.weather.gov/stations/KEWB/observations/latest
https://api.weather.gov/stations/KTAN/observations/latest
https://api.weather.gov/stations/KPYM/observations/latest
https://api.weather.gov/stations/KPYM/observations/latest
https://api.weather.gov/stations/KSFZ/observations/latest
https://api.weather.gov/stations/KORH/observations/latest
https://api.weather.gov/stations/KPYM/observations/latest
https://api.weather.gov/stations/KBVY/observations/latest
https://api.weather.gov/stations/KBAF/observations/latest
https://api.weather.gov/stations/KTAN/observations/latest
https://api.weather.gov/stations/KCEF/observations/latest
https://api.weather.gov/stations/KBAF/observations/latest
https://api.weather.gov/stations/KFIT/observations/latest
https://api.weather.gov/stations/KCEF/observations/latest
https://api.weather.gov/stations/KOQU/observations/latest
https://api.weather.gov/stations/KFIT/observations/latest
https://api.weather.gov/stations/KBTV/observations/latest
https://api.weather.gov/stations/KPSF/observations/latest
https://api.weather.gov/stations/KBML/observations/latest
https://api.weather.gov/stations/KCQX/observations/latest
https://api.weather.gov/stations/KCQX/observations/latest
https://api.weather.gov/stations/KCQX/observations/latest
https://api.weather.gov/stations/KMVY/observations/latest
https://api.weather.gov/stations/KMVY/observations/latest
https://api.weather.gov/stations/KFMH/observations/latest
https://api.weather.gov/stations/KHYA/observations/latest
https://api.weather.gov/stations/KPYM/observations/latest
https://api.weather.gov/stations/KPYM/observations/latest
https://api.weather.gov/stations/KEWB/observations/latest
https://api.weather.gov/stations/KEWB/observations/latest
https://api.weather.gov/stations/KEWB/observations/latest
https://api.weather.gov/stations/KTAN/observations/latest
https://api.weather.gov/stations/KCEF/observations/latest
https://api.weather.gov/stations/KLWM/observations/latest
https://api.weather.gov/stations/KPYM/observations/latest
https://api.weather.gov/stations/KFIT/observations/latest
https://api.weather.gov/stations/KSFZ/observations/latest
https://api.weather.gov/stations/KSFZ/observations/latest
https://api.weather.gov/stations/KBGR/observations/latest
https://api.weather.gov/stations/KFIT/observations/latest
https://api.weather.gov/stations/KBVY/observations/latest
https://api.weather.gov/stations/KOQU/observations/latest
https://api.weather.gov/stations/KPVD/observations/latest
https://api.weather.gov/stations/KPVD/observations/latest
https://api.weather.gov/stations/KPVD/observations/latest
https://api.weather.gov/stations/KPVD/observations/latest
https://api.weather.gov/stations/KPVD/observations/latest
https://api.weather.gov/stations/KPVD/observations/latest
https://api.weather.gov/stations/KFIT/observations/latest
https://api.weather.gov/stations/KCEF/observations/latest
https://api.weather.gov/stations/KCEF/observations/latest
https://api.weather.gov/stations/KCEF/observations/latest
https://api.weather.gov/stations/KORH/observations/latest
https://api.weather.gov/stations/KLWM/observations/latest
https://api.weather.gov/stations/KORH/observations/latest
https://api.weather.gov/stations/KBED/observations/latest
https://api.weather.gov/stations/KFSO/observations/latest
https://api.weather.gov/stations/KLWM/observations/latest
https://api.weather.gov/stations/KCEF/observations/latest
https://api.weather.gov/stations/KEWB/observations/latest
https://api.weather.gov/stations/KAFN/observations/latest
https://api.weather.gov/stations/KORE/observations/latest
https://api.weather.gov/stations/KRUT/observations/latest
https://api.weather.gov/stations/KBTV/observations/latest
https://api.weather.gov/stations/KCEF/observations/latest
https://api.weather.gov/stations/KFIT/observations/latest
https://api.weather.gov/stations/KGON/observations/latest
https://api.weather.gov/stations/KEWB/observations/latest
https://api.weather.gov/stations/KEWB/observations/latest
https://api.weather.gov/stations/KPSF/observations/latest
https://api.weather.gov/stations/KPSF/observations/latest
https://api.weather.gov/stations/KCEF/observations/latest
https://api.weather.gov/stations/KPVD/observations/latest
https://api.weather.gov/stations/KFIT/observations/latest
https://api.weather.gov/stations/KRUT/observations/latest
https://api.weather.gov/stations/KBTV/observations/latest
https://api.weather.gov/stations/KBTV/observations/latest
https://api.weather.gov/stations/KBTV/observations/latest
https://api.weather.gov/stations/KBTV/observations/latest
https://api.weather.gov/stations/KIJD/observations/latest
https://api.weather.gov/stations/KGON/observations/latest
https://api.weather.gov/stations/KGON/observations/latest
https://api.weather.gov/stations/KIJD/observations/latest
https://api.weather.gov/stations/KORH/observations/latest
https://api.weather.gov/stations/KORH/observations/latest
https://api.weather.gov/stations/KCEF/observations/latest
https://api.weather.gov/stations/KTAN/observations/latest
https://api.weather.gov/stations/KORH/observations/latest
https://api.weather.gov/stations/KFMH/observations/latest
https://api.weather.gov/stations/KWVL/observations/latest
https://api.weather.gov/stations/KORH/observations/latest
https://api.weather.gov/stations/KCEF/observations/latest
https://api.weather.gov/stations/KBDL/observations/latest
https://api.weather.gov/stations/KOWD/observations/latest
https://api.weather.gov/stations/KTAN/observations/latest
https://api.weather.gov/stations/KOWD/observations/latest
https://api.weather.gov/stations/KBED/observations/latest
https://api.weather.gov/stations/KEWB/observations/latest
https://api.weather.gov/stations/KFIT/observations/latest
https://api.weather.gov/stations/KOWD/observations/latest
https://api.weather.gov/stations/KOWD/observations/latest
https://api.weather.gov/stations/KFMH/observations/latest
https://api.weather.gov/stations/KORE/observations/latest
https://api.weather.gov/stations/KBED/observations/latest
https://api.weather.gov/stations/KCEF/observations/latest
https://api.weather.gov/stations/KBED/observations/latest
https://api.weather.gov/stations/KORH/observations/latest
https://api.weather.gov/stations/KORH/observations/latest
https://api.weather.gov/stations/KOWD/observations/latest
https://api.weather.gov/stations/KBED/observations/latest
https://api.weather.gov/stations/KSFZ/observations/latest
https://api.weather.gov/stations/KFSO/observations/latest
https://api.weather.gov/stations/KBVY/observations/latest
https://api.weather.gov/stations/KLWM/observations/latest
https://api.weather.gov/stations/KBDL/observations/latest
https://api.weather.gov/stations/KLEB/observations/latest
https://api.weather.gov/stations/KBTV/observations/latest
https://api.weather.gov/stations/KMPV/observations/latest
https://api.weather.gov/stations/KORH/observations/latest
https://api.weather.gov/stations/KPSF/observations/latest
https://api.weather.gov/stations/KIJD/observations/latest
https://api.weather.gov/stations/KCEF/observations/latest
https://api.weather.gov/stations/KBAF/observations/latest
https://api.weather.gov/stations/KHFD/observations/latest
https://api.weather.gov/stations/KRUT/observations/latest
https://api.weather.gov/stations/KORE/observations/latest
https://api.weather.gov/stations/KORH/observations/latest
https://api.weather.gov/stations/KORH/observations/latest
https://api.weather.gov/stations/KORH/observations/latest
https://api.weather.gov/stations/KPYM/observations/latest
https://api.weather.gov/stations/KBAF/observations/latest
https://api.weather.gov/stations/KBAF/observations/latest
https://api.weather.gov/stations/KSFZ/observations/latest
https://api.weather.gov/stations/KBDL/observations/latest
https://api.weather.gov/stations/KORH/observations/latest
https://api.weather.gov/stations/KORE/observations/latest
https://api.weather.gov/stations/KBHB/observations/latest
https://api.weather.gov/stations/KOQU/observations/latest
https://api.weather.gov/stations/KWST/observations/latest
https://api.weather.gov/stations/KDDH/observations/latest
https://api.weather.gov/stations/KBVY/observations/latest
https://api.weather.gov/stations/KORH/observations/latest
https://api.weather.gov/stations/KWST/observations/latest
https://api.weather.gov/stations/KWST/observations/latest
https://api.weather.gov/stations/KIJD/observations/latest
https://api.weather.gov/stations/KIJD/observations/latest
https://api.weather.gov/stations/KPSF/observations/latest
https://api.weather.gov/stations/KIJD/observations/latest
https://api.weather.gov/stations/KORH/observations/latest
https://api.weather.gov/stations/KOXC/observations/latest
https://api.weather.gov/stations/KOWD/observations/latest
https://api.weather.gov/stations/KORH/observations/latest
https://api.weather.gov/stations/KCEF/observations/latest
https://api.weather.gov/stations/KHFD/observations/latest
https://api.weather.gov/stations/KHFD/observations/latest
https://api.weather.gov/stations/KHIE/observations/latest
https://api.weather.gov/stations/KMMK/observations/latest
https://api.weather.gov/stations/KMMK/observations/latest
https://api.weather.gov/stations/KLWM/observations/latest
https://api.weather.gov/stations/KORE/observations/latest
https://api.weather.gov/stations/KPBG/observations/latest
https://api.weather.gov/stations/KVSF/observations/latest
https://api.weather.gov/stations/KIJD/observations/latest
https://api.weather.gov/stations/KIJD/observations/latest
https://api.weather.gov/stations/KIJD/observations/latest
https://api.weather.gov/stations/KIJD/observations/latest
https://api.weather.gov/stations/KIJD/observations/latest
https://api.weather.gov/stations/KPYM/observations/latest
https://api.weather.gov/stations/KCEF/observations/latest
https://api.weather.gov/stations/KORE/observations/latest
https://api.weather.gov/stations/KPSF/observations/latest
https://api.weather.gov/stations/KAQW/observations/latest
https://api.weather.gov/stations/KBAF/observations/latest
https://api.weather.gov/stations/KCEF/observations/latest
https://api.weather.gov/stations/KCEF/observations/latest
https://api.weather.gov/stations/KHVN/observations/latest
https://api.weather.gov/stations/KBAF/observations/latest
https://api.weather.gov/stations/KORE/observations/latest
https://api.weather.gov/stations/KCEF/observations/latest
https://api.weather.gov/stations/KORE/observations/latest
https://api.weather.gov/stations/KCEF/observations/latest
https://api.weather.gov/stations/KCEF/observations/latest
https://api.weather.gov/stations/KPVD/observations/latest
https://api.weather.gov/stations/KPVD/observations/latest
https://api.weather.gov/stations/KPVD/observations/latest
https://api.weather.gov/stations/KPVD/observations/latest
https://api.weather.gov/stations/KPVD/observations/latest
https://api.weather.gov/stations/KPVD/observations/latest
https://api.weather.gov/stations/KSFZ/observations/latest
https://api.weather.gov/stations/KSFZ/observations/latest
https://api.weather.gov/stations/KCEF/observations/latest
https://api.weather.gov/stations/KCEF/observations/latest
https://api.weather.gov/stations/KOWD/observations/latest
https://api.weather.gov/stations/KORH/observations/latest
https://api.weather.gov/stations/KFIT/observations/latest
https://api.weather.gov/stations/KORH/observations/latest
https://api.weather.gov/stations/KBAF/observations/latest
https://api.weather.gov/stations/KCEF/observations/latest
https://api.weather.gov/stations/KFIT/observations/latest
https://api.weather.gov/stations/KPSF/observations/latest
https://api.weather.gov/stations/KPSF/observations/latest
https://api.weather.gov/stations/KPYM/observations/latest
https://api.weather.gov/stations/KWST/observations/latest
https://api.weather.gov/stations/KUUU/observations/latest
https://api.weather.gov/stations/KOWD/observations/latest
https://api.weather.gov/stations/KBDL/observations/latest
https://api.weather.gov/stations/KORH/observations/latest
https://api.weather.gov/stations/KPYM/observations/latest
https://api.weather.gov/stations/KWVL/observations/latest
https://api.weather.gov/stations/KSFZ/observations/latest
https://api.weather.gov/stations/KSFZ/observations/latest
https://api.weather.gov/stations/KCEF/observations/latest
https://api.weather.gov/stations/KORH/observations/latest
https://api.weather.gov/stations/KBED/observations/latest
https://api.weather.gov/stations/KOWD/observations/latest
https://api.weather.gov/stations/KBED/observations/latest
https://api.weather.gov/stations/KHFD/observations/latest
https://api.weather.gov/stations/KLWM/observations/latest
https://api.weather.gov/stations/KFMH/observations/latest
https://api.weather.gov/stations/KFMH/observations/latest
https://api.weather.gov/stations/KOWD/observations/latest
https://api.weather.gov/stations/KOWD/observations/latest
https://api.weather.gov/stations/KBAF/observations/latest
https://api.weather.gov/stations/KTAN/observations/latest
https://api.weather.gov/stations/KASH/observations/latest
https://api.weather.gov/stations/KCEF/observations/latest
https://api.weather.gov/stations/KCEF/observations/latest
https://api.weather.gov/stations/KWST/observations/latest
https://api.weather.gov/stations/KWST/observations/latest
https://api.weather.gov/stations/KWST/observations/latest
https://api.weather.gov/stations/KORH/observations/latest
https://api.weather.gov/stations/KORH/observations/latest
https://api.weather.gov/stations/KTAN/observations/latest
https://api.weather.gov/stations/KORH/observations/latest
https://api.weather.gov/stations/KBED/observations/latest
https://api.weather.gov/stations/KPYM/observations/latest
https://api.weather.gov/stations/KOWD/observations/latest
https://api.weather.gov/stations/KSFZ/observations/latest
https://api.weather.gov/stations/KFIT/observations/latest
https://api.weather.gov/stations/KOWD/observations/latest
https://api.weather.gov/stations/KOWD/observations/latest
https://api.weather.gov/stations/KIJD/observations/latest
https://api.weather.gov/stations/KPSF/observations/latest
https://api.weather.gov/stations/KPSF/observations/latest
https://api.weather.gov/stations/KPSF/observations/latest
https://api.weather.gov/stations/KPSF/observations/latest
https://api.weather.gov/stations/KFIT/observations/latest
https://api.weather.gov/stations/KBAF/observations/latest
https://api.weather.gov/stations/KBED/observations/latest
https://api.weather.gov/stations/KCEF/observations/latest
https://api.weather.gov/stations/KHVN/observations/latest
https://api.weather.gov/stations/KPVD/observations/latest
https://api.weather.gov/stations/KEWB/observations/latest
https://api.weather.gov/stations/KPYM/observations/latest
https://api.weather.gov/stations/KPYM/observations/latest
https://api.weather.gov/stations/KPYM/observations/latest
https://api.weather.gov/stations/KBTV/observations/latest
https://api.weather.gov/stations/KFIT/observations/latest
https://api.weather.gov/stations/KUUU/observations/latest
https://api.weather.gov/stations/KPYM/observations/latest
https://api.weather.gov/stations/KPYM/observations/latest
https://api.weather.gov/stations/KPYM/observations/latest
https://api.weather.gov/stations/KEWB/observations/latest
https://api.weather.gov/stations/KORH/observations/latest
https://api.weather.gov/stations/KORH/observations/latest
https://api.weather.gov/stations/KORH/observations/latest
https://api.weather.gov/stations/KDDH/observations/latest
https://api.weather.gov/stations/KSFZ/observations/latest
https://api.weather.gov/stations/KPYM/observations/latest
https://api.weather.gov/stations/KLEB/observations/latest
https://api.weather.gov/stations/KMVL/observations/latest
https://api.weather.gov/stations/KFMH/observations/latest
https://api.weather.gov/stations/KFMH/observations/latest
https://api.weather.gov/stations/KTAN/observations/latest
https://api.weather.gov/stations/KORH/observations/latest
https://api.weather.gov/stations/KOWD/observations/latest
https://api.weather.gov/stations/KORH/observations/latest
https://api.weather.gov/stations/KORH/observations/latest
https://api.weather.gov/stations/KCEF/observations/latest
https://api.weather.gov/stations/KFIT/observations/latest
https://api.weather.gov/stations/KORH/observations/latest
https://api.weather.gov/stations/KORH/observations/latest
https://api.weather.gov/stations/KBAF/observations/latest
https://api.weather.gov/stations/KCEF/observations/latest
https://api.weather.gov/stations/KORH/observations/latest
https://api.weather.gov/stations/KORH/observations/latest
https://api.weather.gov/stations/KBTV/observations/latest
https://api.weather.gov/stations/KORH/observations/latest
https://api.weather.gov/stations/KORH/observations/latest
https://api.weather.gov/stations/KFIT/observations/latest
https://api.weather.gov/stations/KCEF/observations/latest
https://api.weather.gov/stations/KOWD/observations/latest
https://api.weather.gov/stations/KSFZ/observations/latest
https://api.weather.gov/stations/KBDL/observations/latest
https://api.weather.gov/stations/KFIT/observations/latest
https://api.weather.gov/stations/KPYM/observations/latest
https://api.weather.gov/stations/KBTV/observations/latest
https://api.weather.gov/stations/KBTV/observations/latest
https://api.weather.gov/stations/KBTV/observations/latest
https://api.weather.gov/stations/KEEN/observations/latest
https://api.weather.gov/stations/KAFN/observations/latest
https://api.weather.gov/stations/KPSF/observations/latest
https://api.weather.gov/stations/KOQU/observations/latest
https://api.weather.gov/stations/KSFZ/observations/latest
https://api.weather.gov/stations/KORE/observations/latest
https://api.weather.gov/stations/KOQU/observations/latest
https://api.weather.gov/stations/KLWM/observations/latest
https://api.weather.gov/stations/KWST/observations/latest
https://api.weather.gov/stations/KPVD/observations/latest
https://api.weather.gov/stations/KPSF/observations/latest
https://api.weather.gov/stations/KAQW/observations/latest
https://api.weather.gov/stations/KBAF/observations/latest
https://api.weather.gov/stations/KPSF/observations/latest
https://api.weather.gov/stations/KBDL/observations/latest
https://api.weather.gov/stations/KHFD/observations/latest
https://api.weather.gov/stations/KHFD/observations/latest
https://api.weather.gov/stations/KEWB/observations/latest
https://api.weather.gov/stations/KORE/observations/latest
https://api.weather.gov/stations/KHFD/observations/latest
https://api.weather.gov/stations/KSFZ/observations/latest
https://api.weather.gov/stations/KBAF/observations/latest
https://api.weather.gov/stations/KRUT/observations/latest
https://api.weather.gov/stations/KOWD/observations/latest
https://api.weather.gov/stations/KPYM/observations/latest
https://api.weather.gov/stations/KOQU/observations/latest
https://api.weather.gov/stations/KFIT/observations/latest
https://api.weather.gov/stations/KBAF/observations/latest
https://api.weather.gov/stations/KTAN/observations/latest
https://api.weather.gov/stations/KTAN/observations/latest
https://api.weather.gov/stations/KBED/observations/latest
https://api.weather.gov/stations/KORE/observations/latest
https://api.weather.gov/stations/KFIT/observations/latest
https://api.weather.gov/stations/KBAF/observations/latest
https://api.weather.gov/stations/KSFZ/observations/latest
https://api.weather.gov/stations/KORH/observations/latest
https://api.weather.gov/stations/KSFZ/observations/latest
https://api.weather.gov/stations/KORH/observations/latest
https://api.weather.gov/stations/KORH/observations/latest
https://api.weather.gov/stations/KORH/observations/latest
https://api.weather.gov/stations/KORH/observations/latest
https://api.weather.gov/stations/KORH/observations/latest
https://api.weather.gov/stations/KFIT/observations/latest
https://api.weather.gov/stations/KMMK/observations/latest
https://api.weather.gov/stations/KORH/observations/latest
https://api.weather.gov/stations/KORH/observations/latest
https://api.weather.gov/stations/KORH/observations/latest
https://api.weather.gov/stations/KORE/observations/latest
https://api.weather.gov/stations/KORH/observations/latest
https://api.weather.gov/stations/KTAN/observations/latest
https://api.weather.gov/stations/KORH/observations/latest
https://api.weather.gov/stations/KORH/observations/latest
https://api.weather.gov/stations/KORH/observations/latest
https://api.weather.gov/stations/KORH/observations/latest
https://api.weather.gov/stations/KORH/observations/latest
https://api.weather.gov/stations/KORH/observations/latest
https://api.weather.gov/stations/KORH/observations/latest
https://api.weather.gov/stations/KORH/observations/latest
https://api.weather.gov/stations/KSFZ/observations/latest
https://api.weather.gov/stations/KSFZ/observations/latest
https://api.weather.gov/stations/KBDL/observations/latest
https://api.weather.gov/stations/KCEF/observations/latest
https://api.weather.gov/stations/KSFM/observations/latest
https://api.weather.gov/stations/KOQU/observations/latest
https://api.weather.gov/stations/KTAN/observations/latest
https://api.weather.gov/stations/KCEF/observations/latest
https://api.weather.gov/stations/KTAN/observations/latest
https://api.weather.gov/stations/KPVD/observations/latest
https://api.weather.gov/stations/KORE/observations/latest
https://api.weather.gov/stations/KORH/observations/latest
https://api.weather.gov/stations/KWST/observations/latest
https://api.weather.gov/stations/KMLT/observations/latest
https://api.weather.gov/stations/KAUG/observations/latest
https://api.weather.gov/stations/KWVL/observations/latest
https://api.weather.gov/stations/KLEW/observations/latest
https://api.weather.gov/stations/KBAF/observations/latest
https://api.weather.gov/stations/KPVD/observations/latest
https://api.weather.gov/stations/KORE/observations/latest
https://api.weather.gov/stations/KBAF/observations/latest
https://api.weather.gov/stations/KSFZ/observations/latest
https://api.weather.gov/stations/KFIT/observations/latest
https://api.weather.gov/stations/KFIT/observations/latest
https://api.weather.gov/stations/KCEF/observations/latest
https://api.weather.gov/stations/KFIT/observations/latest
https://api.weather.gov/stations/KORH/observations/latest
https://api.weather.gov/stations/KWVL/observations/latest
https://api.weather.gov/stations/KSFZ/observations/latest
https://api.weather.gov/stations/KOWD/observations/latest
https://api.weather.gov/stations/KPVD/observations/latest
https://api.weather.gov/stations/KPYM/observations/latest
https://api.weather.gov/stations/KBED/observations/latest
https://api.weather.gov/stations/KPVD/observations/latest
https://api.weather.gov/stations/KTAN/observations/latest
https://api.weather.gov/stations/KPVD/observations/latest
https://api.weather.gov/stations/KPVD/observations/latest
https://api.weather.gov/stations/KPYM/observations/latest
https://api.weather.gov/stations/KPVD/observations/latest
https://api.weather.gov/stations/KCEF/observations/latest
https://api.weather.gov/stations/KCEF/observations/latest
https://api.weather.gov/stations/KORH/observations/latest
https://api.weather.gov/stations/KOWD/observations/latest
https://api.weather.gov/stations/KASH/observations/latest
https://api.weather.gov/stations/KFIT/observations/latest
https://api.weather.gov/stations/KBED/observations/latest
https://api.weather.gov/stations/KORH/observations/latest
https://api.weather.gov/stations/KORH/observations/latest
https://api.weather.gov/stations/KCEF/observations/latest
https://api.weather.gov/stations/KCEF/observations/latest
https://api.weather.gov/stations/KCEF/observations/latest
https://api.weather.gov/stations/KBDL/observations/latest
https://api.weather.gov/stations/KCEF/observations/latest
https://api.weather.gov/stations/KCEF/observations/latest
https://api.weather.gov/stations/KMVL/observations/latest
https://api.weather.gov/stations/KUUU/observations/latest
https://api.weather.gov/stations/KPVD/observations/latest
https://api.weather.gov/stations/KSFZ/observations/latest
https://api.weather.gov/stations/KIJD/observations/latest
https://api.weather.gov/stations/KCEF/observations/latest
https://api.weather.gov/stations/KCEF/observations/latest
https://api.weather.gov/stations/KTAN/observations/latest
https://api.weather.gov/stations/KCEF/observations/latest
https://api.weather.gov/stations/KEWB/observations/latest
https://api.weather.gov/stations/KSFZ/observations/latest
https://api.weather.gov/stations/KORH/observations/latest
https://api.weather.gov/stations/KASH/observations/latest
https://api.weather.gov/stations/KPYM/observations/latest
https://api.weather.gov/stations/KSFZ/observations/latest
https://api.weather.gov/stations/KORH/observations/latest
https://api.weather.gov/stations/KORH/observations/latest
https://api.weather.gov/stations/KEWB/observations/latest
https://api.weather.gov/stations/KSFZ/observations/latest
https://api.weather.gov/stations/KOWD/observations/latest
https://api.weather.gov/stations/KEWB/observations/latest
https://api.weather.gov/stations/KEWB/observations/latest
https://api.weather.gov/stations/KOQU/observations/latest
https://api.weather.gov/stations/KLWM/observations/latest
https://api.weather.gov/stations/KASH/observations/latest
https://api.weather.gov/stations/KORE/observations/latest
https://api.weather.gov/stations/KASH/observations/latest
https://api.weather.gov/stations/KWST/observations/latest
https://api.weather.gov/stations/KWST/observations/latest
https://api.weather.gov/stations/KUUU/observations/latest
https://api.weather.gov/stations/KPVD/observations/latest
